Component: ARM Compiler 5.06 update 6 (build 750) Tool: armlink [4d35ed]

==============================================================================

Section Cross References

    stm32f10x_gpio.o(.text) refers to stm32f10x_rcc.o(.text) for RCC_APB2PeriphResetCmd
    stm32f10x_i2c.o(.text) refers to stm32f10x_rcc.o(.text) for RCC_APB1PeriphResetCmd
    stm32f10x_rcc.o(.text) refers to stm32f10x_rcc.o(.data) for APBAHBPrescTable
    stm32f10x_tim.o(.text) refers to stm32f10x_rcc.o(.text) for RCC_APB2PeriphResetCmd
    stm32f10x_usart.o(.text) refers to stm32f10x_rcc.o(.text) for RCC_APB2PeriphResetCmd
    stm32f10x_adc.o(.text) refers to stm32f10x_rcc.o(.text) for RCC_APB2PeriphResetCmd
    system_stm32f10x.o(.text) refers to system_stm32f10x.o(.data) for SystemCoreClock
    startup_stm32f10x_md.o(RESET) refers to startup_stm32f10x_md.o(STACK) for __initial_sp
    startup_stm32f10x_md.o(RESET) refers to startup_stm32f10x_md.o(.text) for Reset_Handler
    startup_stm32f10x_md.o(RESET) refers to stm32f10x_it.o(.text) for NMI_Handler
    startup_stm32f10x_md.o(RESET) refers to ultrasonic.o(.text) for TIM1_CC_IRQHandler
    startup_stm32f10x_md.o(RESET) refers to motor.o(.text) for TIM2_IRQHandler
    startup_stm32f10x_md.o(.text) refers to system_stm32f10x.o(.text) for SystemInit
    startup_stm32f10x_md.o(.text) refers to entry.o(.ARM.Collect$$$$00000000) for __main
    bsp.o(.text) refers to stm32f10x_rcc.o(.text) for RCC_APB2PeriphClockCmd
    bsp.o(.text) refers to stm32f10x_gpio.o(.text) for GPIO_PinRemapConfig
    bsp.o(.text) refers to common.o(.text) for XOR_Get
    bsp.o(.text) refers to printfa.o(i.__0sprintf) for __2sprintf
    bsp.o(.text) refers to usart.o(.text) for Uart1SendStr
    bsp.o(.text) refers to motor.o(.text) for TIM3_PWM_Init
    bsp.o(.text) refers to i2c.o(.text) for i2cInit
    bsp.o(.text) refers to mpu6050.o(.text) for MPU6050_Init
    bsp.o(.text) refers to bsp.o(.data) for flag
    mpu6050.o(.text) refers to i2c.o(.text) for i2cwrite
    mpu6050.o(.text) refers to mpu6050.o(.data) for g_fGyro_x
    adc.o(.text) refers to stm32f10x_rcc.o(.text) for RCC_APB2PeriphClockCmd
    adc.o(.text) refers to stm32f10x_gpio.o(.text) for GPIO_Init
    adc.o(.text) refers to stm32f10x_adc.o(.text) for ADC_Init
    adc.o(.text) refers to dfltui.o(.text) for __aeabi_ui2d
    adc.o(.text) refers to dmul.o(.text) for __aeabi_dmul
    adc.o(.text) refers to d2f.o(.text) for __aeabi_d2f
    adc.o(.text) refers to ffixui.o(.text) for __aeabi_f2uiz
    usart.o(.text) refers to stm32f10x_rcc.o(.text) for RCC_APB2PeriphClockCmd
    usart.o(.text) refers to stm32f10x_gpio.o(.text) for GPIO_Init
    usart.o(.text) refers to stm32f10x_usart.o(.text) for USART_Init
    usart.o(.text) refers to misc.o(.text) for NVIC_PriorityGroupConfig
    usart.o(.text) refers to strlen.o(.text) for strlen
    i2c.o(.text) refers to stm32f10x_rcc.o(.text) for RCC_APB2PeriphClockCmd
    i2c.o(.text) refers to stm32f10x_gpio.o(.text) for GPIO_Init
    ultrasonic.o(.text) refers to stm32f10x_rcc.o(.text) for RCC_APB2PeriphClockCmd
    ultrasonic.o(.text) refers to stm32f10x_gpio.o(.text) for GPIO_Init
    ultrasonic.o(.text) refers to stm32f10x_tim.o(.text) for TIM_TimeBaseInit
    ultrasonic.o(.text) refers to misc.o(.text) for NVIC_Init
    ultrasonic.o(.text) refers to common.o(.text) for delay_us
    ultrasonic.o(.text) refers to ultrasonic.o(.data) for TIM1CH4_CAPTURE_STA
    motor.o(.text) refers to stm32f10x_rcc.o(.text) for RCC_APB2PeriphClockCmd
    motor.o(.text) refers to stm32f10x_gpio.o(.text) for GPIO_Init
    motor.o(.text) refers to stm32f10x_tim.o(.text) for TIM_TimeBaseInit
    motor.o(.text) refers to misc.o(.text) for NVIC_Init
    infrare.o(.text) refers to stm32f10x_rcc.o(.text) for RCC_APB2PeriphClockCmd
    infrare.o(.text) refers to stm32f10x_gpio.o(.text) for GPIO_Init
    infrare.o(.text) refers to infrare.o(.data) for InfrareError
    hc05.o(.text) refers to stm32f10x_rcc.o(.text) for RCC_APB2PeriphClockCmd
    hc05.o(.text) refers to stm32f10x_gpio.o(.text) for GPIO_Init
    hc05.o(.text) refers to common.o(.text) for delay_ms
    hc05.o(.text) refers to usart.o(.text) for Uart1SendStr
    hc05.o(.text) refers to communicate.o(.text) for ParseAT
    hc05.o(.text) refers to usart.o(.bss) for Uart1Buffer
    systick.o(.text) refers to system_stm32f10x.o(.text) for SystemCoreClockUpdate
    systick.o(.text) refers to systick.o(.bss) for SoftTimer
    systick.o(.text) refers to system_stm32f10x.o(.data) for SystemCoreClock
    debug.o(.text) refers to ffixi.o(.text) for __aeabi_f2iz
    debug.o(.text) refers to common.o(.text) for CRC16Calculate
    debug.o(.text) refers to usart.o(.text) for Uart1SendBuff
    debug.o(.text) refers to fflti.o(.text) for __aeabi_i2f
    debug.o(.text) refers to debug.o(.bss) for IMUData
    debug.o(.text) refers to control.o(.data) for g_s16LeftMotorPulse
    main.o(.text) refers to communicate.o(.text) for ResponseStatus
[...]
    ../fplib/microlib/fpadd.c                0x00000000   Number         0  dadd.o ABSOLUTE
    ../fplib/microlib/fpadd.c                0x00000000   Number         0  fadd.o ABSOLUTE
    ../fplib/microlib/fpdiv.c                0x00000000   Number         0  ddiv.o ABSOLUTE
    ../fplib/microlib/fpdiv.c                0x00000000   Number         0  fdiv.o ABSOLUTE
    ../fplib/microlib/fpepilogue.c           0x00000000   Number         0  fepilogue.o ABSOLUTE
    ../fplib/microlib/fpepilogue.c           0x00000000   Number         0  depilogue.o ABSOLUTE
    ../fplib/microlib/fpfix.c                0x00000000   Number         0  dfixi.o ABSOLUTE
    ../fplib/microlib/fpfix.c                0x00000000   Number         0  ffixui.o ABSOLUTE
    ../fplib/microlib/fpfix.c                0x00000000   Number         0  ffixi.o ABSOLUTE
    ../fplib/microlib/fpfix.c                0x00000000   Number         0  dfixul.o ABSOLUTE
    ../fplib/microlib/fpfix.c                0x00000000   Number         0  dfixui.o ABSOLUTE
    ../fplib/microlib/fpflt.c                0x00000000   Number         0  fflti.o ABSOLUTE
    ../fplib/microlib/fpflt.c                0x00000000   Number         0  dflti.o ABSOLUTE
    ../fplib/microlib/fpflt.c                0x00000000   Number         0  dfltui.o ABSOLUTE
    ../fplib/microlib/fpflt.c                0x00000000   Number         0  dfltul.o ABSOLUTE
    ../fplib/microlib/fpmul.c                0x00000000   Number         0  dmul.o ABSOLUTE
    ../fplib/microlib/fpmul.c                0x00000000   Number         0  fmul.o ABSOLUTE
    ../fplib/microlib/fpscalb.c              0x00000000   Number         0  dscalb.o ABSOLUTE
    ../mathlib/atan.c                        0x00000000   Number         0  atan_x.o ABSOLUTE
    ../mathlib/atan.c                        0x00000000   Number         0  atan.o ABSOLUTE
    ../mathlib/atan2.c                       0x00000000   Number         0  atan2_x.o ABSOLUTE
    ../mathlib/atan2.c                       0x00000000   Number         0  atan2.o ABSOLUTE
    ../mathlib/atof.c                        0x00000000   Number         0  atof.o ABSOLUTE
    ../mathlib/dunder.c                      0x00000000   Number         0  dunder.o ABSOLUTE
    ../mathlib/fpclassify.c                  0x00000000   Number         0  fpclassify.o ABSOLUTE
    ../mathlib/poly.c                        0x00000000   Number         0  poly.o ABSOLUTE
    ../mathlib/qnan.c                        0x00000000   Number         0  qnan.o ABSOLUTE
    CMSIS\\core_cm3.c                        0x00000000   Number         0  core_cm3.o ABSOLUTE
    CMSIS\core_cm3.c                         0x00000000   Number         0  core_cm3.o ABSOLUTE
    CMSIS\startup\startup_stm32f10x_md.s     0x00000000   Number         0  startup_stm32f10x_md.o ABSOLUTE
    CMSIS\system_stm32f10x.c                 0x00000000   Number         0  system_stm32f10x.o ABSOLUTE
    FWlib\src\misc.c                         0x00000000   Number         0  misc.o ABSOLUTE
    FWlib\src\stm32f10x_adc.c                0x00000000   Number         0  stm32f10x_adc.o ABSOLUTE
    FWlib\src\stm32f10x_dma.c                0x00000000   Number         0  stm32f10x_dma.o ABSOLUTE
    FWlib\src\stm32f10x_exti.c               0x00000000   Number         0  stm32f10x_exti.o ABSOLUTE
    FWlib\src\stm32f10x_flash.c              0x00000000   Number         0  stm32f10x_flash.o ABSOLUTE
    FWlib\src\stm32f10x_gpio.c               0x00000000   Number         0  stm32f10x_gpio.o ABSOLUTE
    FWlib\src\stm32f10x_i2c.c                0x00000000   Number         0  stm32f10x_i2c.o ABSOLUTE
    FWlib\src\stm32f10x_rcc.c                0x00000000   Number         0  stm32f10x_rcc.o ABSOLUTE
    FWlib\src\stm32f10x_tim.c                0x00000000   Number         0  stm32f10x_tim.o ABSOLUTE
    FWlib\src\stm32f10x_usart.c              0x00000000   Number         0  stm32f10x_usart.o ABSOLUTE
    User\HC05\hc05.c                         0x00000000   Number         0  hc05.o ABSOLUTE
    User\OLED\I2C2.c                         0x00000000   Number         0  i2c2.o ABSOLUTE
    User\OLED\oled-iic.c                     0x00000000   Number         0  oled-iic.o ABSOLUTE
    User\main.c                              0x00000000   Number         0  main.o ABSOLUTE
    User\src\ADC.c                           0x00000000   Number         0  adc.o ABSOLUTE
    User\src\I2C.c                           0x00000000   Number         0  i2c.o ABSOLUTE
    User\src\MPU6050.c                       0x00000000   Number         0  mpu6050.o ABSOLUTE
    User\src\bsp.c                           0x00000000   Number         0  bsp.o ABSOLUTE
    User\src\common.c                        0x00000000   Number         0  common.o ABSOLUTE
    User\src\communicate.c                   0x00000000   Number         0  communicate.o ABSOLUTE
    User\src\control.c                       0x00000000   Number         0  control.o ABSOLUTE
    User\src\dataflash.c                     0x00000000   Number         0  dataflash.o ABSOLUTE
    User\src\debug.c                         0x00000000   Number         0  debug.o ABSOLUTE
    User\src\display.c                       0x00000000   Number         0  display.o ABSOLUTE
    User\src\infrare.c                       0x00000000   Number         0  infrare.o ABSOLUTE
    User\src\manage.c                        0x00000000   Number         0  manage.o ABSOLUTE
    User\src\motor.c                         0x00000000   Number         0  motor.o ABSOLUTE
    User\src\systick.c                       0x00000000   Number         0  systick.o ABSOLUTE
    User\src\ultrasonic.c                    0x00000000   Number         0  ultrasonic.o ABSOLUTE
    User\src\usart.c                         0x00000000   Number         0  usart.o ABSOLUTE
    User\stm32f10x_it.c                      0x00000000   Number         0  stm32f10x_it.o ABSOLUTE
    cdcmple.s                                0x00000000   Number         0  cdcmple.o ABSOLUTE
    cdrcmple.s                               0x00000000   Number         0  cdrcmple.o ABSOLUTE
    cfcmple.s                                0x00000000   Number         0  cfcmple.o ABSOLUTE
    cfrcmple.s                               0x00000000   Number         0  cfrcmple.o ABSOLUTE
    dc.s                                     0x00000000   Number         0  dc.o ABSOLUTE
    handlers.s                               0x00000000   Number         0  handlers.o ABSOLUTE
    init.s                                   0x00000000   Number         0  init.o ABSOLUTE
    RESET                                    0x08000000   Section      236  startup_stm32f10x_md.o(RESET)
    .ARM.Collect$$$$00000000                 0x080000ec   Section        0  entry.o(.ARM.Collect$$$$00000000)
    .ARM.Collect$$$$00000001                 0x080000ec   Section        4  entry2.o(.ARM.Collect$$$$00000001)
    .ARM.Collect$$$$00000004                 0x080000f0   Section        4  entry5.o(.ARM.Collect$$$$00000004)
    .ARM.Collect$$$$00000008                 0x080000f4   Section        0  entry7b.o(.ARM.Collect$$$$00000008)
    .ARM.Collect$$$$0000000A                 0x080000f4   Section        0  entry8b.o(.ARM.Collect$$$$0000000A)
    .ARM.Collect$$$$0000000B                 0x080000f4   Section        8  entry9a.o(.ARM.Collect$$$$0000000B)
    .ARM.Collect$$$$0000000D                 0x080000fc   Section        0  entry10a.o(.ARM.Collect$$$$0000000D)
    .ARM.Collect$$$$0000000F                 0x080000fc   Section        0  entry11a.o(.ARM.Collect$$$$0000000F)
    .ARM.Collect$$$$00002712                 0x080000fc   Section        4  entry2.o(.ARM.Collect$$$$00002712)
    __lit__00000000                          0x080000fc   Data           4  entry2.o(.ARM.Collect$$$$00002712)
    .text                                    0x08000100   Section        0  misc.o(.text)
    .text                                    0x080001dc   Section        0  stm32f10x_gpio.o(.text)
    .text                                    0x08000538   Section        0  stm32f10x_rcc.o(.text)
    .text                                    0x080008dc   Section        0  stm32f10x_tim.o(.text)
    TI4_Config                               0x08000d83   Thumb Code   130  stm32f10x_tim.o(.text)
    TI3_Config                               0x08000e17   Thumb Code   122  stm32f10x_tim.o(.text)
    TI2_Config                               0x08000eab   Thumb Code   130  stm32f10x_tim.o(.text)
    TI1_Config                               0x08000f3f   Thumb Code   108  stm32f10x_tim.o(.text)
    .text                                    0x080016f8   Section        0  stm32f10x_usart.o(.text)
    .text                                    0x08001b00   Section        0  stm32f10x_flash.o(.text)
    .text                                    0x080020bc   Section        0  system_stm32f10x.o(.text)
    SetSysClockTo72                          0x080020bd   Thumb Code   214  system_stm32f10x.o(.text)
    SetSysClock                              0x08002193   Thumb Code     8  system_stm32f10x.o(.text)
    .text                                    0x0800229c   Section       36  startup_stm32f10x_md.o(.text)
    .text                                    0x080022c0   Section        0  bsp.o(.text)
    .text                                    0x080023c4   Section        0  mpu6050.o(.text)
    .text                                    0x080024c8   Section        0  usart.o(.text)
    .text                                    0x080026e8   Section        0  i2c.o(.text)
    I2C_delay                                0x080026e9   Thumb Code    22  i2c.o(.text)
    I2C_Start                                0x080026ff   Thumb Code    90  i2c.o(.text)
    I2C_Stop                                 0x08002759   Thumb Code    56  i2c.o(.text)
    I2C_Ack                                  0x08002791   Thumb Code    58  i2c.o(.text)
    I2C_NoAck                                0x080027cb   Thumb Code    56  i2c.o(.text)
    I2C_WaitAck                              0x08002803   Thumb Code    80  i2c.o(.text)
    I2C_SendByte                             0x08002853   Thumb Code    90  i2c.o(.text)
    I2C_ReceiveByte                          0x080028ad   Thumb Code    84  i2c.o(.text)
    .text                                    0x08002aa0   Section        0  ultrasonic.o(.text)
    .text                                    0x08002cb4   Section        0  motor.o(.text)
    TIM3_GPIO_Init                           0x08002d01   Thumb Code    54  motor.o(.text)
    TIM3_Mode_Init                           0x08002d37   Thumb Code   162  motor.o(.text)
    .text                                    0x08002fb8   Section        0  infrare.o(.text)
    .text                                    0x080030a8   Section        0  systick.o(.text)
    .text                                    0x08003150   Section        0  main.o(.text)
    .text                                    0x080031d4   Section        0  stm32f10x_it.o(.text)
    .text                                    0x080032d4   Section        0  common.o(.text)
    .text                                    0x0800339c   Section        0  communicate.o(.text)
    .text                                    0x080039a4   Section        0  control.o(.text)
    .text                                    0x08004564   Section        0  dataflash.o(.text)
    .text                                    0x0800470c   Section        0  memseta.o(.text)
    .text                                    0x08004730   Section        0  strstr.o(.text)
    .text                                    0x08004754   Section        0  strlen.o(.text)
    .text                                    0x08004764   Section        0  strtok.o(.text)
    .text                                    0x080047a8   Section        0  fadd.o(.text)
    .text                                    0x08004858   Section        0  fmul.o(.text)
    .text                                    0x080048bc   Section        0  fdiv.o(.text)
    .text                                    0x08004938   Section        0  dadd.o(.text)
    .text                                    0x08004a86   Section        0  dmul.o(.text)
    .text                                    0x08004b6a   Section        0  ddiv.o(.text)
    .text                                    0x08004c48   Section        0  fflti.o(.text)
    .text                                    0x08004c5a   Section        0  dflti.o(.text)
    .text                                    0x08004c7c   Section        0  ffixi.o(.text)
    .text                                    0x08004cae   Section        0  dfixi.o(.text)
    .text                                    0x08004cec   Section        0  dfixui.o(.text)
    .text                                    0x08004d1e   Section        0  f2d.o(.text)
    .text                                    0x08004d44   Section       48  cdcmple.o(.text)
    .text                                    0x08004d74   Section       48  cdrcmple.o(.text)
    .text                                    0x08004da4   Section        0  d2f.o(.text)
    .text                                    0x08004ddc   Section       20  cfcmple.o(.text)
    .text                                    0x08004df0   Section       20  cfrcmple.o(.text)
    .text                                    0x08004e04   Section        0  uidiv.o(.text)
    .text                                    0x08004e30   Section        0  uldiv.o(.text)
    .text                                    0x08004e92   Section        0  llshl.o(.text)
    .text                                    0x08004eb0   Section        0  llushr.o(.text)
    .text                                    0x08004ed0   Section        0  llsshr.o(.text)
    .text                                    0x08004ef4   Section        0  strtod.o(.text)
    _local_sscanf                            0x08004ef5   Thumb Code    54  strtod.o(.text)
    .text                                    0x08004f90   Section        0  iusefp.o(.text)
    .text                                    0x08004f90   Section        0  fepilogue.o(.text)
    .text                                    0x08004ffe   Section        0  depilogue.o(.text)
    .text                                    0x080050b8   Section        0  dfixul.o(.text)
    .text                                    0x080050e8   Section       36  init.o(.text)
    .text                                    0x0800510c   Section        0  isspace_c.o(.text)
    .text                                    0x08005118   Section        0  scanf_fp.o(.text)
    _fp_value                                0x08005119   Thumb Code   296  scanf_fp.o(.text)
    .text                                    0x08005478   Section        0  _sgetc.o(.text)
    .text                                    0x080054b8   Section        0  dscalb.o(.text)
    .text                                    0x080054e8   Section        0  ctype_c.o(.text)
    .text                                    0x08005510   Section        0  dfltul.o(.text)
    i.__0sprintf                             0x08005528   Section        0  printfa.o(i.__0sprintf)
    i.__ARM_fpclassify                       0x08005550   Section        0  fpclassify.o(i.__ARM_fpclassify)
    i.__kernel_poly                          0x08005578   Section        0  poly.o(i.__kernel_poly)
    i.__mathlib_dbl_infnan                   0x08005622   Section        0  dunder.o(i.__mathlib_dbl_infnan)
    i.__mathlib_dbl_infnan2                  0x08005628   Section        0  dunder.o(i.__mathlib_dbl_infnan2)
    i.__mathlib_dbl_underflow                0x0800562c   Section        0  dunder.o(i.__mathlib_dbl_underflow)
    i.__read_errno                           0x0800563c   Section        0  errno.o(i.__read_errno)
    i.__scatterload_copy                     0x08005648   Section       14  handlers.o(i.__scatterload_copy)
    i.__scatterload_null                     0x08005656   Section        2  handlers.o(i.__scatterload_null)
    i.__scatterload_zeroinit                 0x08005658   Section       14  handlers.o(i.__scatterload_zeroinit)
    i.__set_errno                            0x08005668   Section        0  errno.o(i.__set_errno)
    i._fp_digits                             0x08005674   Section        0  printfa.o(i._fp_digits)
    _fp_digits                               0x08005675   Thumb Code   366  printfa.o(i._fp_digits)
    i._is_digit                              0x080057f8   Section        0  scanf_fp.o(i._is_digit)
    i._printf_core                           0x08005808   Section        0  printfa.o(i._printf_core)
    _printf_core                             0x08005809   Thumb Code  1744  printfa.o(i._printf_core)
    i._printf_post_padding                   0x08005ee4   Section        0  printfa.o(i._printf_post_padding)
    _printf_post_padding                     0x08005ee5   Thumb Code    36  printfa.o(i._printf_post_padding)
    i._printf_pre_padding                    0x08005f08   Section        0  printfa.o(i._printf_pre_padding)
    _printf_pre_padding                      0x08005f09   Thumb Code    46  printfa.o(i._printf_pre_padding)
    i._sputc                                 0x08005f36   Section        0  printfa.o(i._sputc)
    _sputc                                   0x08005f37   Thumb Code    10  printfa.o(i._sputc)
    i.atan                                   0x08005f40   Section        0  atan.o(i.atan)
    i.atan2                                  0x08006160   Section        0  atan2.o(i.atan2)
    i.atof                                   0x080062e0   Section        0  atof.o(i.atof)
    .constdata                               0x0800630a   Section       21  manage.o(.constdata)
    .constdata                               0x08006320   Section      152  atan.o(.constdata)
    atanhi                                   0x08006320   Data          32  atan.o(.constdata)
    atanlo                                   0x08006340   Data          32  atan.o(.constdata)
    aTodd                                    0x08006360   Data          40  atan.o(.constdata)
    aTeven                                   0x08006388   Data          48  atan.o(.constdata)
    .constdata                               0x080063b8   Section        8  qnan.o(.constdata)
    .constdata                               0x080063c0   Section       64  ctype_c.o(.constdata)
    .data                                    0x20000000   Section       20  stm32f10x_rcc.o(.data)
    APBAHBPrescTable                         0x20000000   Data          16  stm32f10x_rcc.o(.data)
    ADCPrescTable                            0x20000010   Data           4  stm32f10x_rcc.o(.data)
    .data                                    0x20000014   Section       20  system_stm32f10x.o(.data)
    .data                                    0x20000028   Section        1  bsp.o(.data)
    flag                                     0x20000028   Data           1  bsp.o(.data)
    .data                                    0x2000002a   Section        6  mpu6050.o(.data)
    .data                                    0x20000030   Section        1  usart.o(.data)
    .data                                    0x20000034   Section       16  ultrasonic.o(.data)
    .data                                    0x20000044   Section        1  infrare.o(.data)
    InfrareError                             0x20000044   Data           1  infrare.o(.data)
    .data                                    0x20000045   Section        1  communicate.o(.data)
    .data                                    0x20000048   Section      188  control.o(.data)
    AbnormalSpinFlag                         0x200000d0   Data           4  control.o(.data)
    nErrorPrev                               0x200000e0   Data           4  control.o(.data)
    nPwm                                     0x200000e4   Data           4  control.o(.data)
    nPwmBais                                 0x200000e8   Data           4  control.o(.data)
    nErrorPrev                               0x200000ec   Data           4  control.o(.data)
    nPwm                                     0x200000f0   Data           4  control.o(.data)
    nPwmBais                                 0x200000f4   Data           4  control.o(.data)
    count                                    0x200000f8   Data           2  control.o(.data)
    lastCarAngle                             0x200000fc   Data           4  control.o(.data)
    count                                    0x20000100   Data           2  control.o(.data)
    count1                                   0x20000102   Data           2  control.o(.data)
    .data                                    0x20000104   Section        5  manage.o(.data)
    .data                                    0x2000010c   Section        4  strtok.o(.data)
    state                                    0x2000010c   Data           4  strtok.o(.data)
    .data                                    0x20000110   Section        4  errno.o(.data)
    _errno                                   0x20000110   Data           4  errno.o(.data)
    .bss                                     0x20000114   Section      128  usart.o(.bss)
    .bss                                     0x20000194   Section       10  systick.o(.bss)
    .bss                                     0x2000019e   Section      128  dataflash.o(.bss)
    FlashWBuffer                             0x2000019e   Data         128  dataflash.o(.bss)
    STACK                                    0x20000220   Section     1024  startup_stm32f10x_md.o(STACK)

    Global Symbols

    Symbol Name                              Value     Ov Type        Size  Object(Section)

    BuildAttributes$$THM_ISAv4$P$D$K$B$S$PE$A:L22UL41UL21$X:L11$S22US41US21$IEEE1$IW$USESV6$~STKCKD$USESV7$~SHL$OTIME$ROPI$IEEEX$EBA8$MICROLIB$REQ8$PRES8$EABIv2 0x00000000   Number         0  anon$$obj.o ABSOLUTE
    __ARM_use_no_argv                        0x00000000   Number         0  main.o ABSOLUTE
    _printf_a                                0x00000000   Number         0  stubs.o ABSOLUTE
    _printf_c                                0x00000000   Number         0  stubs.o ABSOLUTE
    _printf_charcount                        0x00000000   Number         0  stubs.o ABSOLUTE
    _printf_d                                0x00000000   Number         0  stubs.o ABSOLUTE
    _printf_e                                0x00000000   Number         0  stubs.o ABSOLUTE
    _printf_f                                0x00000000   Number         0  stubs.o ABSOLUTE
    _printf_flags                            0x00000000   Number         0  stubs.o ABSOLUTE
    _printf_fp_dec                           0x00000000   Number         0  stubs.o ABSOLUTE
    _printf_fp_hex                           0x00000000   Number         0  stubs.o ABSOLUTE
    _printf_g                                0x00000000   Number         0  stubs.o ABSOLUTE
    _printf_i                                0x00000000   Number         0  stubs.o ABSOLUTE
    _printf_int_dec                          0x00000000   Number         0  stubs.o ABSOLUTE
    _printf_l                                0x00000000   Number         0  stubs.o ABSOLUTE
    _printf_lc                               0x00000000   Number         0  stubs.o ABSOLUTE
    _printf_ll                               0x00000000   Number         0  stubs.o ABSOLUTE
    _printf_lld                              0x00000000   Number         0  stubs.o ABSOLUTE
    _printf_lli                              0x00000000   Number         0  stubs.o ABSOLUTE
    _printf_llo                              0x00000000   Number         0  stubs.o ABSOLUTE
    _printf_llu                              0x00000000   Number         0  stubs.o ABSOLUTE
    _printf_llx                              0x00000000   Number         0  stubs.o ABSOLUTE
    _printf_longlong_dec                     0x00000000   Number         0  stubs.o ABSOLUTE
    _printf_longlong_hex                     0x00000000   Number         0  stubs.o ABSOLUTE
    _printf_longlong_oct                     0x00000000   Number         0  stubs.o ABSOLUTE
    _printf_ls                               0x00000000   Number         0  stubs.o ABSOLUTE
    _printf_mbtowc                           0x00000000   Number         0  stubs.o ABSOLUTE
    _printf_n                                0x00000000   Number         0  stubs.o ABSOLUTE
    _printf_o                                0x00000000   Number         0  stubs.o ABSOLUTE
    _printf_p                                0x00000000   Number         0  stubs.o ABSOLUTE
    _printf_percent                          0x00000000   Number         0  stubs.o ABSOLUTE
    _printf_pre_padding                      0x00000000   Number         0  stubs.o ABSOLUTE
    _printf_return_value                     0x00000000   Number         0  stubs.o ABSOLUTE
    _printf_s                                0x00000000   Number         0  stubs.o ABSOLUTE
    _printf_sizespec                         0x00000000   Number         0  stubs.o ABSOLUTE
    _printf_str                              0x00000000   Number         0  stubs.o ABSOLUTE
    _printf_truncate_signed                  0x00000000   Number         0  stubs.o ABSOLUTE
    _printf_truncate_unsigned                0x00000000   Number         0  stubs.o ABSOLUTE
    _printf_u                                0x00000000   Number         0  stubs.o ABSOLUTE
    _printf_wc                               0x00000000   Number         0  stubs.o ABSOLUTE
    _printf_wctomb                           0x00000000   Number         0  stubs.o ABSOLUTE
    _printf_widthprec                        0x00000000   Number         0  stubs.o ABSOLUTE
    _printf_x                                0x00000000   Number         0  stubs.o ABSOLUTE
    __cpp_initialize__aeabi_                  - Undefined Weak Reference
    __cxa_finalize                            - Undefined Weak Reference
    __decompress                              - Undefined Weak Reference
    _clock_init                               - Undefined Weak Reference
    _microlib_exit                            - Undefined Weak Reference
    __Vectors_Size                           0x000000ec   Number         0  startup_stm32f10x_md.o ABSOLUTE
    __Vectors                                0x08000000   Data           4  startup_stm32f10x_md.o(RESET)
    __Vectors_End                            0x080000ec   Data           0  startup_stm32f10x_md.o(RESET)
    __main                                   0x080000ed   Thumb Code     0  entry.o(.ARM.Collect$$$$00000000)
    _main_stk                                0x080000ed   Thumb Code     0  entry2.o(.ARM.Collect$$$$00000001)
    _main_scatterload                        0x080000f1   Thumb Code     0  entry5.o(.ARM.Collect$$$$00000004)
    __main_after_scatterload                 0x080000f5   Thumb Code     0  entry5.o(.ARM.Collect$$$$00000004)
    _main_clock                              0x080000f5   Thumb Code     0  entry7b.o(.ARM.Collect$$$$00000008)
    _main_cpp_init                           0x080000f5   Thumb Code     0  entry8b.o(.ARM.Collect$$$$0000000A)
    _main_init                               0x080000f5   Thumb Code     0  entry9a.o(.ARM.Collect$$$$0000000B)
    __rt_final_cpp                           0x080000fd   Thumb Code     0  entry10a.o(.ARM.Collect$$$$0000000D)
    __rt_final_exit                          0x080000fd   Thumb Code     0  entry11a.o(.ARM.Collect$$$$0000000F)
    NVIC_PriorityGroupConfig                 0x08000101   Thumb Code    10  misc.o(.text)
    NVIC_Init                                0x0800010b   Thumb Code   100  misc.o(.text)
    NVIC_SetVectorTable                      0x0800016f   Thumb Code    14  misc.o(.text)
    NVIC_SystemLPConfig                      0x0800017d   Thumb Code    34  misc.o(.text)
    SysTick_CLKSourceConfig                  0x0800019f   Thumb Code    40  misc.o(.text)
    GPIO_DeInit                              0x080001dd   Thumb Code   172  stm32f10x_gpio.o(.text)
    GPIO_AFIODeInit                          0x08000289   Thumb Code    20  stm32f10x_gpio.o(.text)
    GPIO_Init                                0x0800029d   Thumb Code   278  stm32f10x_gpio.o(.text)
    GPIO_StructInit                          0x080003b3   Thumb Code    16  stm32f10x_gpio.o(.text)
    GPIO_ReadInputDataBit                    0x080003c3   Thumb Code    18  stm32f10x_gpio.o(.text)
    GPIO_ReadInputData                       0x080003d5   Thumb Code     8  stm32f10x_gpio.o(.text)
    GPIO_ReadOutputDataBit                   0x080003dd   Thumb Code    18  stm32f10x_gpio.o(.text)
    GPIO_ReadOutputData                      0x080003ef   Thumb Code     8  stm32f10x_gpio.o(.text)
    GPIO_SetBits                             0x080003f7   Thumb Code     4  stm32f10x_gpio.o(.text)
    GPIO_ResetBits                           0x080003fb   Thumb Code     4  stm32f10x_gpio.o(.text)
    GPIO_WriteBit                            0x080003ff   Thumb Code    10  stm32f10x_gpio.o(.text)
    GPIO_Write                               0x08000409   Thumb Code     4  stm32f10x_gpio.o(.text)
    GPIO_PinLockConfig                       0x0800040d   Thumb Code    18  stm32f10x_gpio.o(.text)
    GPIO_EventOutputConfig                   0x0800041f   Thumb Code    26  stm32f10x_gpio.o(.text)
    GPIO_EventOutputCmd                      0x08000439   Thumb Code     6  stm32f10x_gpio.o(.text)
    GPIO_PinRemapConfig                      0x0800043f   Thumb Code   138  stm32f10x_gpio.o(.text)
    GPIO_EXTILineConfig                      0x080004c9   Thumb Code    66  stm32f10x_gpio.o(.text)
    GPIO_ETH_MediaInterfaceConfig            0x0800050b   Thumb Code     8  stm32f10x_gpio.o(.text)
    RCC_DeInit                               0x08000539   Thumb Code    64  stm32f10x_rcc.o(.text)
    RCC_HSEConfig                            0x08000579   Thumb Code    70  stm32f10x_rcc.o(.text)
    RCC_GetFlagStatus                        0x080005bf   Thumb Code    56  stm32f10x_rcc.o(.text)
    RCC_WaitForHSEStartUp                    0x080005f7   Thumb Code    56  stm32f10x_rcc.o(.text)
    RCC_AdjustHSICalibrationValue            0x0800062f   Thumb Code    20  stm32f10x_rcc.o(.text)
    RCC_HSICmd                               0x08000643   Thumb Code     6  stm32f10x_rcc.o(.text)
    RCC_PLLConfig                            0x08000649   Thumb Code    24  stm32f10x_rcc.o(.text)
    RCC_PLLCmd                               0x08000661   Thumb Code     6  stm32f10x_rcc.o(.text)
    RCC_SYSCLKConfig                         0x08000667   Thumb Code    18  stm32f10x_rcc.o(.text)
    RCC_GetSYSCLKSource                      0x08000679   Thumb Code    10  stm32f10x_rcc.o(.text)
    RCC_HCLKConfig                           0x08000683   Thumb Code    18  stm32f10x_rcc.o(.text)
    RCC_PCLK1Config                          0x08000695   Thumb Code    18  stm32f10x_rcc.o(.text)
    RCC_PCLK2Config                          0x080006a7   Thumb Code    20  stm32f10x_rcc.o(.text)
    RCC_ITConfig                             0x080006bb   Thumb Code    26  stm32f10x_rcc.o(.text)
    RCC_USBCLKConfig                         0x080006d5   Thumb Code     8  stm32f10x_rcc.o(.text)
    RCC_ADCCLKConfig                         0x080006dd   Thumb Code    18  stm32f10x_rcc.o(.text)
    RCC_LSEConfig                            0x080006ef   Thumb Code    50  stm32f10x_rcc.o(.text)
    RCC_LSICmd                               0x08000721   Thumb Code     6  stm32f10x_rcc.o(.text)
    RCC_RTCCLKConfig                         0x08000727   Thumb Code    12  stm32f10x_rcc.o(.text)
    RCC_RTCCLKCmd                            0x08000733   Thumb Code     8  stm32f10x_rcc.o(.text)
    RCC_GetClocksFreq                        0x0800073b   Thumb Code   192  stm32f10x_rcc.o(.text)
    RCC_AHBPeriphClockCmd                    0x080007fb   Thumb Code    26  stm32f10x_rcc.o(.text)
    RCC_APB2PeriphClockCmd                   0x08000815   Thumb Code    26  stm32f10x_rcc.o(.text)
    RCC_APB1PeriphClockCmd                   0x0800082f   Thumb Code    26  stm32f10x_rcc.o(.text)
    RCC_APB2PeriphResetCmd                   0x08000849   Thumb Code    26  stm32f10x_rcc.o(.text)
    RCC_APB1PeriphResetCmd                   0x08000863   Thumb Code    26  stm32f10x_rcc.o(.text)
    RCC_BackupResetCmd                       0x0800087d   Thumb Code     8  stm32f10x_rcc.o(.text)
    RCC_ClockSecuritySystemCmd               0x08000885   Thumb Code     6  stm32f10x_rcc.o(.text)
    RCC_MCOConfig                            0x0800088b   Thumb Code     6  stm32f10x_rcc.o(.text)
    RCC_ClearFlag                            0x08000891   Thumb Code    14  stm32f10x_rcc.o(.text)
    RCC_GetITStatus                          0x0800089f   Thumb Code    20  stm32f10x_rcc.o(.text)
    RCC_ClearITPendingBit                    0x080008b3   Thumb Code     6  stm32f10x_rcc.o(.text)
    TIM_DeInit                               0x080008dd   Thumb Code   424  stm32f10x_tim.o(.text)
    TIM_TimeBaseInit                         0x08000a85   Thumb Code   122  stm32f10x_tim.o(.text)
    TIM_OC1Init                              0x08000aff   Thumb Code   132  stm32f10x_tim.o(.text)
    TIM_OC2Init                              0x08000b83   Thumb Code   154  stm32f10x_tim.o(.text)
    TIM_OC3Init                              0x08000c1d   Thumb Code   150  stm32f10x_tim.o(.text)
    TIM_OC4Init                              0x08000cb3   Thumb Code   182  stm32f10x_tim.o(.text)
    TIM_SetIC4Prescaler                      0x08000d69   Thumb Code    26  stm32f10x_tim.o(.text)
    TIM_SetIC3Prescaler                      0x08000e05   Thumb Code    18  stm32f10x_tim.o(.text)
    TIM_SetIC2Prescaler                      0x08000e91   Thumb Code    26  stm32f10x_tim.o(.text)
    TIM_SetIC1Prescaler                      0x08000f2d   Thumb Code    18  stm32f10x_tim.o(.text)
    TIM_ICInit                               0x08000fab   Thumb Code   150  stm32f10x_tim.o(.text)
    TIM_PWMIConfig                           0x08001041   Thumb Code   124  stm32f10x_tim.o(.text)
    TIM_BDTRConfig                           0x080010bd   Thumb Code    32  stm32f10x_tim.o(.text)
    TIM_TimeBaseStructInit                   0x080010dd   Thumb Code    18  stm32f10x_tim.o(.text)
    TIM_OCStructInit                         0x080010ef   Thumb Code    20  stm32f10x_tim.o(.text)
    TIM_ICStructInit                         0x08001103   Thumb Code    18  stm32f10x_tim.o(.text)
    TIM_BDTRStructInit                       0x08001115   Thumb Code    40  stm32f10x_tim.o(.text)
    TIM_Cmd                                  0x0800113d   Thumb Code    24  stm32f10x_tim.o(.text)
    TIM_CtrlPWMOutputs                       0x08001155   Thumb Code    30  stm32f10x_tim.o(.text)
    TIM_ITConfig                             0x08001173   Thumb Code    18  stm32f10x_tim.o(.text)
    TIM_GenerateEvent                        0x08001185   Thumb Code     4  stm32f10x_tim.o(.text)
    TIM_DMAConfig                            0x08001189   Thumb Code    10  stm32f10x_tim.o(.text)
    TIM_DMACmd                               0x08001193   Thumb Code    18  stm32f10x_tim.o(.text)
    TIM_InternalClockConfig                  0x080011a5   Thumb Code    12  stm32f10x_tim.o(.text)
    TIM_SelectInputTrigger                   0x080011b1   Thumb Code    18  stm32f10x_tim.o(.text)
    TIM_ITRxExternalClockConfig              0x080011c3   Thumb Code    24  stm32f10x_tim.o(.text)
    TIM_TIxExternalClockConfig               0x080011db   Thumb Code    62  stm32f10x_tim.o(.text)
    TIM_ETRConfig                            0x08001219   Thumb Code    28  stm32f10x_tim.o(.text)
    TIM_ETRClockMode1Config                  0x08001235   Thumb Code    54  stm32f10x_tim.o(.text)
    TIM_ETRClockMode2Config                  0x0800126b   Thumb Code    32  stm32f10x_tim.o(.text)
    TIM_PrescalerConfig                      0x0800128b   Thumb Code     6  stm32f10x_tim.o(.text)
    TIM_CounterModeConfig                    0x08001291   Thumb Code    18  stm32f10x_tim.o(.text)
    TIM_EncoderInterfaceConfig               0x080012a3   Thumb Code    66  stm32f10x_tim.o(.text)
    TIM_ForcedOC1Config                      0x080012e5   Thumb Code    18  stm32f10x_tim.o(.text)
    TIM_ForcedOC2Config                      0x080012f7   Thumb Code    26  stm32f10x_tim.o(.text)
    TIM_ForcedOC3Config                      0x08001311   Thumb Code    18  stm32f10x_tim.o(.text)
    TIM_ForcedOC4Config                      0x08001323   Thumb Code    26  stm32f10x_tim.o(.text)
    TIM_ARRPreloadConfig                     0x0800133d   Thumb Code    24  stm32f10x_tim.o(.text)
    TIM_SelectCOM                            0x08001355   Thumb Code    24  stm32f10x_tim.o(.text)
    TIM_SelectCCDMA                          0x0800136d   Thumb Code    24  stm32f10x_tim.o(.text)
    TIM_CCPreloadControl                     0x08001385   Thumb Code    24  stm32f10x_tim.o(.text)
    TIM_OC1PreloadConfig                     0x0800139d   Thumb Code    18  stm32f10x_tim.o(.text)
    TIM_OC2PreloadConfig                     0x080013af   Thumb Code    26  stm32f10x_tim.o(.text)
    TIM_OC3PreloadConfig                     0x080013c9   Thumb Code    18  stm32f10x_tim.o(.text)
    TIM_OC4PreloadConfig                     0x080013db   Thumb Code    26  stm32f10x_tim.o(.text)
    TIM_OC1FastConfig                        0x080013f5   Thumb Code    18  stm32f10x_tim.o(.text)
    TIM_OC2FastConfig                        0x08001407   Thumb Code    26  stm32f10x_tim.o(.text)
    TIM_OC3FastConfig                        0x08001421   Thumb Code    18  stm32f10x_tim.o(.text)
    TIM_OC4FastConfig                        0x08001433   Thumb Code    26  stm32f10x_tim.o(.text)
    TIM_ClearOC1Ref                          0x0800144d   Thumb Code    18  stm32f10x_tim.o(.text)
    TIM_ClearOC2Ref                          0x0800145f   Thumb Code    24  stm32f10x_tim.o(.text)
    TIM_ClearOC3Ref                          0x08001477   Thumb Code    18  stm32f10x_tim.o(.text)
    TIM_ClearOC4Ref                          0x08001489   Thumb Code    24  stm32f10x_tim.o(.text)
    TIM_OC1PolarityConfig                    0x080014a1   Thumb Code    18  stm32f10x_tim.o(.text)
    TIM_OC1NPolarityConfig                   0x080014b3   Thumb Code    18  stm32f10x_tim.o(.text)
    TIM_OC2PolarityConfig                    0x080014c5   Thumb Code    26  stm32f10x_tim.o(.text)
    TIM_OC2NPolarityConfig                   0x080014df   Thumb Code    26  stm32f10x_tim.o(.text)
    TIM_OC3PolarityConfig                    0x080014f9   Thumb Code    26  stm32f10x_tim.o(.text)
    TIM_OC3NPolarityConfig                   0x08001513   Thumb Code    26  stm32f10x_tim.o(.text)
    TIM_OC4PolarityConfig                    0x0800152d   Thumb Code    26  stm32f10x_tim.o(.text)
    TIM_CCxCmd                               0x08001547   Thumb Code    30  stm32f10x_tim.o(.text)
    TIM_CCxNCmd                              0x08001565   Thumb Code    30  stm32f10x_tim.o(.text)
    TIM_SelectOCxM                           0x08001583   Thumb Code    82  stm32f10x_tim.o(.text)
    TIM_UpdateDisableConfig                  0x080015d5   Thumb Code    24  stm32f10x_tim.o(.text)
    TIM_UpdateRequestConfig                  0x080015ed   Thumb Code    24  stm32f10x_tim.o(.text)
    TIM_SelectHallSensor                     0x08001605   Thumb Code    24  stm32f10x_tim.o(.text)
    TIM_SelectOnePulseMode                   0x0800161d   Thumb Code    18  stm32f10x_tim.o(.text)
    TIM_SelectOutputTrigger                  0x0800162f   Thumb Code    18  stm32f10x_tim.o(.text)
    TIM_SelectSlaveMode                      0x08001641   Thumb Code    18  stm32f10x_tim.o(.text)
    TIM_SelectMasterSlaveMode                0x08001653   Thumb Code    18  stm32f10x_tim.o(.text)
    TIM_SetCounter                           0x08001665   Thumb Code     4  stm32f10x_tim.o(.text)
    TIM_SetAutoreload                        0x08001669   Thumb Code     4  stm32f10x_tim.o(.text)
    TIM_SetCompare1                          0x0800166d   Thumb Code     4  stm32f10x_tim.o(.text)
    TIM_SetCompare2                          0x08001671   Thumb Code     4  stm32f10x_tim.o(.text)
    TIM_SetCompare3                          0x08001675   Thumb Code     4  stm32f10x_tim.o(.text)
    TIM_SetCompare4                          0x08001679   Thumb Code     6  stm32f10x_tim.o(.text)
    TIM_SetClockDivision                     0x0800167f   Thumb Code    18  stm32f10x_tim.o(.text)
    TIM_GetCapture1                          0x08001691   Thumb Code     6  stm32f10x_tim.o(.text)
    TIM_GetCapture2                          0x08001697   Thumb Code     6  stm32f10x_tim.o(.text)
    TIM_GetCapture3                          0x0800169d   Thumb Code     6  stm32f10x_tim.o(.text)
    TIM_GetCapture4                          0x080016a3   Thumb Code     8  stm32f10x_tim.o(.text)
    TIM_GetCounter                           0x080016ab   Thumb Code     6  stm32f10x_tim.o(.text)
    TIM_GetPrescaler                         0x080016b1   Thumb Code     6  stm32f10x_tim.o(.text)
    TIM_GetFlagStatus                        0x080016b7   Thumb Code    18  stm32f10x_tim.o(.text)
    TIM_ClearFlag                            0x080016c9   Thumb Code     6  stm32f10x_tim.o(.text)
    TIM_GetITStatus                          0x080016cf   Thumb Code    34  stm32f10x_tim.o(.text)
    TIM_ClearITPendingBit                    0x080016f1   Thumb Code     6  stm32f10x_tim.o(.text)
    USART_DeInit                             0x080016f9   Thumb Code   134  stm32f10x_usart.o(.text)
    USART_Init                               0x0800177f   Thumb Code   210  stm32f10x_usart.o(.text)
    USART_StructInit                         0x08001851   Thumb Code    24  stm32f10x_usart.o(.text)
    USART_ClockInit                          0x08001869   Thumb Code    34  stm32f10x_usart.o(.text)
    USART_ClockStructInit                    0x0800188b   Thumb Code    12  stm32f10x_usart.o(.text)
    USART_Cmd                                0x08001897   Thumb Code    24  stm32f10x_usart.o(.text)
    USART_ITConfig                           0x080018af   Thumb Code    74  stm32f10x_usart.o(.text)
    USART_DMACmd                             0x080018f9   Thumb Code    18  stm32f10x_usart.o(.text)
    USART_SetAddress                         0x0800190b   Thumb Code    18  stm32f10x_usart.o(.text)
    USART_WakeUpConfig                       0x0800191d   Thumb Code    18  stm32f10x_usart.o(.text)
    USART_ReceiverWakeUpCmd                  0x0800192f   Thumb Code    24  stm32f10x_usart.o(.text)
    USART_LINBreakDetectLengthConfig         0x08001947   Thumb Code    18  stm32f10x_usart.o(.text)
    USART_LINCmd                             0x08001959   Thumb Code    24  stm32f10x_usart.o(.text)
    USART_SendData                           0x08001971   Thumb Code     8  stm32f10x_usart.o(.text)
    USART_ReceiveData                        0x08001979   Thumb Code    10  stm32f10x_usart.o(.text)
    USART_SendBreak                          0x08001983   Thumb Code    10  stm32f10x_usart.o(.text)
    USART_SetGuardTime                       0x0800198d   Thumb Code    16  stm32f10x_usart.o(.text)
    USART_SetPrescaler                       0x0800199d   Thumb Code    16  stm32f10x_usart.o(.text)
    USART_SmartCardCmd                       0x080019ad   Thumb Code    24  stm32f10x_usart.o(.text)
    USART_SmartCardNACKCmd                   0x080019c5   Thumb Code    24  stm32f10x_usart.o(.text)
    USART_HalfDuplexCmd                      0x080019dd   Thumb Code    24  stm32f10x_usart.o(.text)
    USART_OverSampling8Cmd                   0x080019f5   Thumb Code    22  stm32f10x_usart.o(.text)
    USART_OneBitMethodCmd                    0x08001a0b   Thumb Code    24  stm32f10x_usart.o(.text)
    USART_IrDAConfig                         0x08001a23   Thumb Code    18  stm32f10x_usart.o(.text)
    USART_IrDACmd                            0x08001a35   Thumb Code    24  stm32f10x_usart.o(.text)
    USART_GetFlagStatus                      0x08001a4d   Thumb Code    26  stm32f10x_usart.o(.text)
    USART_ClearFlag                          0x08001a67   Thumb Code    18  stm32f10x_usart.o(.text)
    USART_GetITStatus                        0x08001a79   Thumb Code    84  stm32f10x_usart.o(.text)
    USART_ClearITPendingBit                  0x08001acd   Thumb Code    52  stm32f10x_usart.o(.text)
    FLASH_SetLatency                         0x08001b01   Thumb Code    18  stm32f10x_flash.o(.text)
    FLASH_HalfCycleAccessCmd                 0x08001b13   Thumb Code    22  stm32f10x_flash.o(.text)
    FLASH_PrefetchBufferCmd                  0x08001b29   Thumb Code    22  stm32f10x_flash.o(.text)
    FLASH_Unlock                             0x08001b3f   Thumb Code    12  stm32f10x_flash.o(.text)
    FLASH_UnlockBank1                        0x08001b4b   Thumb Code    12  stm32f10x_flash.o(.text)
    FLASH_Lock                               0x08001b57   Thumb Code    14  stm32f10x_flash.o(.text)
    FLASH_LockBank1                          0x08001b65   Thumb Code    14  stm32f10x_flash.o(.text)
    FLASH_GetBank1Status                     0x08001b73   Thumb Code    48  stm32f10x_flash.o(.text)
    FLASH_WaitForLastOperation               0x08001ba3   Thumb Code    38  stm32f10x_flash.o(.text)
    FLASH_ErasePage                          0x08001bc9   Thumb Code    72  stm32f10x_flash.o(.text)
    FLASH_EraseAllPages                      0x08001c11   Thumb Code    68  stm32f10x_flash.o(.text)
    FLASH_WaitForLastBank1Operation          0x08001c55   Thumb Code    38  stm32f10x_flash.o(.text)
    FLASH_EraseAllBank1Pages                 0x08001c7b   Thumb Code    68  stm32f10x_flash.o(.text)
    FLASH_GetReadOutProtectionStatus         0x08001cbf   Thumb Code    20  stm32f10x_flash.o(.text)
    FLASH_EraseOptionBytes                   0x08001cd3   Thumb Code   150  stm32f10x_flash.o(.text)
    FLASH_ProgramWord                        0x08001d69   Thumb Code   102  stm32f10x_flash.o(.text)
    FLASH_ProgramHalfWord                    0x08001dcf   Thumb Code    60  stm32f10x_flash.o(.text)
    FLASH_ProgramOptionByteData              0x08001e0b   Thumb Code    72  stm32f10x_flash.o(.text)
    FLASH_EnableWriteProtection              0x08001e53   Thumb Code   200  stm32f10x_flash.o(.text)
    FLASH_ReadOutProtection                  0x08001f1b   Thumb Code   156  stm32f10x_flash.o(.text)
    FLASH_UserOptionByteConfig               0x08001fb7   Thumb Code    88  stm32f10x_flash.o(.text)
    FLASH_GetUserOptionByte                  0x0800200f   Thumb Code     8  stm32f10x_flash.o(.text)
    FLASH_GetWriteProtectionOptionByte       0x08002017   Thumb Code     6  stm32f10x_flash.o(.text)
    FLASH_GetPrefetchBufferStatus            0x0800201d   Thumb Code    20  stm32f10x_flash.o(.text)
    FLASH_ITConfig                           0x08002031   Thumb Code    26  stm32f10x_flash.o(.text)
    FLASH_GetFlagStatus                      0x0800204b   Thumb Code    42  stm32f10x_flash.o(.text)
    FLASH_ClearFlag                          0x08002075   Thumb Code     6  stm32f10x_flash.o(.text)
    FLASH_GetStatus                          0x0800207b   Thumb Code    48  stm32f10x_flash.o(.text)
    SystemInit                               0x0800219b   Thumb Code    78  system_stm32f10x.o(.text)
    SystemCoreClockUpdate                    0x080021e9   Thumb Code   142  system_stm32f10x.o(.text)
    Reset_Handler                            0x0800229d   Thumb Code     8  startup_stm32f10x_md.o(.text)
    ADC1_2_IRQHandler                        0x080022b7   Thumb Code     0  startup_stm32f10x_md.o(.text)
    CAN1_RX1_IRQHandler                      0x080022b7   Thumb Code     0  startup_stm32f10x_md.o(.text)
    CAN1_SCE_IRQHandler                      0x080022b7   Thumb Code     0  startup_stm32f10x_md.o(.text)
    DMA1_Channel1_IRQHandler                 0x080022b7   Thumb Code     0  startup_stm32f10x_md.o(.text)
    DMA1_Channel2_IRQHandler                 0x080022b7   Thumb Code     0  startup_stm32f10x_md.o(.text)
    DMA1_Channel3_IRQHandler                 0x080022b7   Thumb Code     0  startup_stm32f10x_md.o(.text)
    DMA1_Channel4_IRQHandler                 0x080022b7   Thumb Code     0  startup_stm32f10x_md.o(.text)
    DMA1_Channel5_IRQHandler                 0x080022b7   Thumb Code     0  startup_stm32f10x_md.o(.text)
    DMA1_Channel6_IRQHandler                 0x080022b7   Thumb Code     0  startup_stm32f10x_md.o(.text)
    DMA1_Channel7_IRQHandler                 0x080022b7   Thumb Code     0  startup_stm32f10x_md.o(.text)
    EXTI0_IRQHandler                         0x080022b7   Thumb Code     0  startup_stm32f10x_md.o(.text)
    EXTI15_10_IRQHandler                     0x080022b7   Thumb Code     0  startup_stm32f10x_md.o(.text)
    EXTI1_IRQHandler                         0x080022b7   Thumb Code     0  startup_stm32f10x_md.o(.text)
    EXTI2_IRQHandler                         0x080022b7   Thumb Code     0  startup_stm32f10x_md.o(.text)
    EXTI3_IRQHandler                         0x080022b7   Thumb Code     0  startup_stm32f10x_md.o(.text)
    EXTI4_IRQHandler                         0x080022b7   Thumb Code     0  startup_stm32f10x_md.o(.text)
    EXTI9_5_IRQHandler                       0x080022b7   Thumb Code     0  startup_stm32f10x_md.o(.text)
    FLASH_IRQHandler                         0x080022b7   Thumb Code     0  startup_stm32f10x_md.o(.text)
    I2C1_ER_IRQHandler                       0x080022b7   Thumb Code     0  startup_stm32f10x_md.o(.text)
    I2C1_EV_IRQHandler                       0x080022b7   Thumb Code     0  startup_stm32f10x_md.o(.text)
    I2C2_ER_IRQHandler                       0x080022b7   Thumb Code     0  startup_stm32f10x_md.o(.text)
    I2C2_EV_IRQHandler                       0x080022b7   Thumb Code     0  startup_stm32f10x_md.o(.text)
    PVD_IRQHandler                           0x080022b7   Thumb Code     0  startup_stm32f10x_md.o(.text)
    RCC_IRQHandler                           0x080022b7   Thumb Code     0  startup_stm32f10x_md.o(.text)
    RTCAlarm_IRQHandler                      0x080022b7   Thumb Code     0  startup_stm32f10x_md.o(.text)
    RTC_IRQHandler                           0x080022b7   Thumb Code     0  startup_stm32f10x_md.o(.text)
    SPI1_IRQHandler                          0x080022b7   Thumb Code     0  startup_stm32f10x_md.o(.text)
    SPI2_IRQHandler                          0x080022b7   Thumb Code     0  startup_stm32f10x_md.o(.text)
    TAMPER_IRQHandler                        0x080022b7   Thumb Code     0  startup_stm32f10x_md.o(.text)
    TIM1_BRK_IRQHandler                      0x080022b7   Thumb Code     0  startup_stm32f10x_md.o(.text)
    TIM1_TRG_COM_IRQHandler                  0x080022b7   Thumb Code     0  startup_stm32f10x_md.o(.text)
    TIM3_IRQHandler                          0x080022b7   Thumb Code     0  startup_stm32f10x_md.o(.text)
    USART2_IRQHandler                        0x080022b7   Thumb Code     0  startup_stm32f10x_md.o(.text)
    USART3_IRQHandler                        0x080022b7   Thumb Code     0  startup_stm32f10x_md.o(.text)
    USBWakeUp_IRQHandler                     0x080022b7   Thumb Code     0  startup_stm32f10x_md.o(.text)
    USB_HP_CAN1_TX_IRQHandler                0x080022b7   Thumb Code     0  startup_stm32f10x_md.o(.text)
    USB_LP_CAN1_RX0_IRQHandler               0x080022b7   Thumb Code     0  startup_stm32f10x_md.o(.text)
    WWDG_IRQHandler                          0x080022b7   Thumb Code     0  startup_stm32f10x_md.o(.text)
    SWDConfig                                0x080022c1   Thumb Code    20  bsp.o(.text)
    LEDInit                                  0x080022d5   Thumb Code    40  bsp.o(.text)
    LEDToggle                                0x080022fd   Thumb Code    42  bsp.o(.text)
    GetUniqueID                              0x08002327   Thumb Code    24  bsp.o(.text)
    SetBlueToothName                         0x0800233f   Thumb Code    46  bsp.o(.text)
    BspInit                                  0x0800236d   Thumb Code    48  bsp.o(.text)
    MPU6050_Init                             0x080023c5   Thumb Code    78  mpu6050.o(.text)
    DataSynthesis                            0x08002413   Thumb Code    32  mpu6050.o(.text)
    ReadAcceData                             0x08002433   Thumb Code    48  mpu6050.o(.text)
    ReadGyroData                             0x08002463   Thumb Code    48  mpu6050.o(.text)
    MPU6050_Pose                             0x08002493   Thumb Code    34  mpu6050.o(.text)
    USART1Init                               0x080024c9   Thumb Code   162  usart.o(.text)
    USART3Init                               0x0800256b   Thumb Code   186  usart.o(.text)
    Uart1SendByte                            0x08002625   Thumb Code    28  usart.o(.text)
    Uart1SendBuff                            0x08002641   Thumb Code    28  usart.o(.text)
    Uart1SendStr                             0x0800265d   Thumb Code    34  usart.o(.text)
    Uart3SendByte                            0x0800267f   Thumb Code    28  usart.o(.text)
    Uart3SendBuff                            0x0800269b   Thumb Code    28  usart.o(.text)
    Uart3SendStr                             0x080026b7   Thumb Code    34  usart.o(.text)
    i2cInit                                  0x08002901   Thumb Code    42  i2c.o(.text)
    i2cWrite                                 0x0800292b   Thumb Code    72  i2c.o(.text)
    i2cWriteBuffer                           0x08002973   Thumb Code   100  i2c.o(.text)
    i2cRead                                  0x080029d7   Thumb Code   120  i2c.o(.text)
    i2cwrite                                 0x08002a4f   Thumb Code    38  i2c.o(.text)
    i2cread                                  0x08002a75   Thumb Code    38  i2c.o(.text)
    TIM1_Cap_Init                            0x08002aa1   Thumb Code   188  ultrasonic.o(.text)
    Read_Distane                             0x08002b5d   Thumb Code    96  ultrasonic.o(.text)
    TIM1_CC_IRQHandler                       0x08002bbd   Thumb Code   178  ultrasonic.o(.text)
    UltraSelfCheck                           0x08002c6f   Thumb Code    40  ultrasonic.o(.text)
    IsUltraOK                                0x08002c97   Thumb Code     6  ultrasonic.o(.text)
    MOTOR_GPIO_Config                        0x08002cb5   Thumb Code    76  motor.o(.text)
    TIM3_PWM_Init                            0x08002dd9   Thumb Code    16  motor.o(.text)
    TIM2_Encoder_Init                        0x08002de9   Thumb Code   256  motor.o(.text)
    TIM4_Encoder_Init                        0x08002ee9   Thumb Code   148  motor.o(.text)
    TIM2_IRQHandler                          0x08002f7d   Thumb Code    12  motor.o(.text)
    TIM4_IRQHandler                          0x08002f89   Thumb Code    24  motor.o(.text)
    InfraredIOInit                           0x08002fb9   Thumb Code    56  infrare.o(.text)
    InfraredDetect                           0x08002ff1   Thumb Code    74  infrare.o(.text)
    InfrareSelfCheck                         0x0800303b   Thumb Code    84  infrare.o(.text)
    IsInfrareOK                              0x0800308f   Thumb Code    14  infrare.o(.text)
    SoftTimerCountDown                       0x080030a9   Thumb Code    38  systick.o(.text)
    SysTick_Init                             0x080030cf   Thumb Code   112  systick.o(.text)
    SecTask                                  0x08003151   Thumb Code    46  main.o(.text)
    main                                     0x0800317f   Thumb Code    64  main.o(.text)
    NMI_Handler                              0x080031d5   Thumb Code     2  stm32f10x_it.o(.text)
    HardFault_Handler                        0x080031d7   Thumb Code     4  stm32f10x_it.o(.text)
    MemManage_Handler                        0x080031db   Thumb Code     4  stm32f10x_it.o(.text)
    BusFault_Handler                         0x080031df   Thumb Code     4  stm32f10x_it.o(.text)
    UsageFault_Handler                       0x080031e3   Thumb Code     4  stm32f10x_it.o(.text)
    SVC_Handler                              0x080031e7   Thumb Code     2  stm32f10x_it.o(.text)
    DebugMon_Handler                         0x080031e9   Thumb Code     2  stm32f10x_it.o(.text)
    PendSV_Handler                           0x080031eb   Thumb Code     2  stm32f10x_it.o(.text)
    TIM1_UP_IRQHandler                       0x080031ed   Thumb Code     2  stm32f10x_it.o(.text)
    SysTick_Handler                          0x080031ef   Thumb Code   142  stm32f10x_it.o(.text)
    USART1_IRQHandler                        0x0800327d   Thumb Code    64  stm32f10x_it.o(.text)
    delay_us                                 0x080032d5   Thumb Code    26  common.o(.text)
    delay_ms                                 0x080032ef   Thumb Code    24  common.o(.text)
    get_ms                                   0x08003307   Thumb Code     2  common.o(.text)
    XOR_Get                                  0x08003309   Thumb Code    28  common.o(.text)
    XOR_Check                                0x08003325   Thumb Code    32  common.o(.text)
    Sum_Get                                  0x08003345   Thumb Code    28  common.o(.text)
    CRC16Calculate                           0x08003361   Thumb Code    58  common.o(.text)
    ResponseIMU                              0x0800339d   Thumb Code    96  communicate.o(.text)
    ResponsePID                              0x080033fd   Thumb Code   142  communicate.o(.text)
    ResponseInfo                             0x0800348b   Thumb Code    30  communicate.o(.text)
    ResponseStatus                           0x080034a9   Thumb Code    36  communicate.o(.text)
    Parse                                    0x080034cd   Thumb Code  1126  communicate.o(.text)
    ParseAT                                  0x08003933   Thumb Code    66  communicate.o(.text)
    LSpeedInnerControl                       0x080039a5   Thumb Code   124  control.o(.text)
    RSpeedInnerControl                       0x08003a21   Thumb Code   124  control.o(.text)
    CarUpstandInit                           0x08003a9d   Thumb Code   100  control.o(.text)
    AbnormalSpinDetect                       0x08003b01   Thumb Code   132  control.o(.text)
    LandingDetect                            0x08003b85   Thumb Code   182  control.o(.text)
    MotorManage                              0x08003c3b   Thumb Code   106  control.o(.text)
    SetMotorVoltageAndDirection              0x08003ca5   Thumb Code   148  control.o(.text)
    MotorOutput                              0x08003d39   Thumb Code   472  control.o(.text)
    GetMotorPulse                            0x08003f11   Thumb Code   104  control.o(.text)
    AngleCalculate                           0x08003f79   Thumb Code   266  control.o(.text)
    AngleControl                             0x08004083   Thumb Code   126  control.o(.text)
    SpeedControl                             0x08004101   Thumb Code   296  control.o(.text)
    SpeedControlOutput                       0x08004229   Thumb Code   262  control.o(.text)
    Scale                                    0x0800432f   Thumb Code   150  control.o(.text)
    Steer                                    0x080043c5   Thumb Code   120  control.o(.text)
    UltraControl                             0x0800443d   Thumb Code   140  control.o(.text)
    TailingControl                           0x080044c9   Thumb Code    90  control.o(.text)
    ProgramFlash                             0x08004565   Thumb Code   108  dataflash.o(.text)
    ReadFlash                                0x080045d1   Thumb Code    28  dataflash.o(.text)
    PIDRead                                  0x080045ed   Thumb Code    84  dataflash.o(.text)
    PIDInit                                  0x08004641   Thumb Code    78  dataflash.o(.text)
    PIDWrite                                 0x0800468f   Thumb Code    54  dataflash.o(.text)
    PIDReset                                 0x080046c5   Thumb Code    54  dataflash.o(.text)
    __aeabi_memset                           0x0800470d   Thumb Code    14  memseta.o(.text)
    __aeabi_memset4                          0x0800470d   Thumb Code     0  memseta.o(.text)
    __aeabi_memset8                          0x0800470d   Thumb Code     0  memseta.o(.text)
    __aeabi_memclr                           0x0800471b   Thumb Code     4  memseta.o(.text)
    __aeabi_memclr4                          0x0800471b   Thumb Code     0  memseta.o(.text)
    __aeabi_memclr8                          0x0800471b   Thumb Code     0  memseta.o(.text)
    _memset$wrapper                          0x0800471f   Thumb Code    18  memseta.o(.text)
    strstr                                   0x08004731   Thumb Code    36  strstr.o(.text)
    strlen                                   0x08004755   Thumb Code    14  strlen.o(.text)
    strtok                                   0x08004765   Thumb Code    62  strtok.o(.text)
    __aeabi_fadd                             0x080047a9   Thumb Code   164  fadd.o(.text)
    __aeabi_fsub                             0x0800484d   Thumb Code     6  fadd.o(.text)
    __aeabi_frsub                            0x08004853   Thumb Code     6  fadd.o(.text)
    __aeabi_fmul                             0x08004859   Thumb Code   100  fmul.o(.text)
    __aeabi_fdiv                             0x080048bd   Thumb Code   124  fdiv.o(.text)
    __aeabi_dadd                             0x08004939   Thumb Code   322  dadd.o(.text)
    __aeabi_dsub                             0x08004a7b   Thumb Code     6  dadd.o(.text)
    __aeabi_drsub                            0x08004a81   Thumb Code     6  dadd.o(.text)
    __aeabi_dmul                             0x08004a87   Thumb Code   228  dmul.o(.text)
    __aeabi_ddiv                             0x08004b6b   Thumb Code   222  ddiv.o(.text)
    __aeabi_i2f                              0x08004c49   Thumb Code    18  fflti.o(.text)
    __aeabi_i2d                              0x08004c5b   Thumb Code    34  dflti.o(.text)
    __aeabi_f2iz                             0x08004c7d   Thumb Code    50  ffixi.o(.text)
    __aeabi_d2iz                             0x08004caf   Thumb Code    62  dfixi.o(.text)
    __aeabi_d2uiz                            0x08004ced   Thumb Code    50  dfixui.o(.text)
    __aeabi_f2d                              0x08004d1f   Thumb Code    38  f2d.o(.text)
    __aeabi_cdcmpeq                          0x08004d45   Thumb Code     0  cdcmple.o(.text)
    __aeabi_cdcmple                          0x08004d45   Thumb Code    48  cdcmple.o(.text)
    __aeabi_cdrcmple                         0x08004d75   Thumb Code    48  cdrcmple.o(.text)
    __aeabi_d2f                              0x08004da5   Thumb Code    56  d2f.o(.text)
    __aeabi_cfcmpeq                          0x08004ddd   Thumb Code     0  cfcmple.o(.text)
    __aeabi_cfcmple                          0x08004ddd   Thumb Code    20  cfcmple.o(.text)
    __aeabi_cfrcmple                         0x08004df1   Thumb Code    20  cfrcmple.o(.text)
    __aeabi_uidiv                            0x08004e05   Thumb Code     0  uidiv.o(.text)
    __aeabi_uidivmod                         0x08004e05   Thumb Code    44  uidiv.o(.text)
    __aeabi_uldivmod                         0x08004e31   Thumb Code    98  uldiv.o(.text)
    __aeabi_llsl                             0x08004e93   Thumb Code    30  llshl.o(.text)
    _ll_shift_l                              0x08004e93   Thumb Code     0  llshl.o(.text)
    __aeabi_llsr                             0x08004eb1   Thumb Code    32  llushr.o(.text)
    _ll_ushift_r                             0x08004eb1   Thumb Code     0  llushr.o(.text)
    __aeabi_lasr                             0x08004ed1   Thumb Code    36  llsshr.o(.text)
    _ll_sshift_r                             0x08004ed1   Thumb Code     0  llsshr.o(.text)
    __strtod_int                             0x08004f2b   Thumb Code    90  strtod.o(.text)
    __I$use$fp                               0x08004f91   Thumb Code     0  iusefp.o(.text)
    _float_round                             0x08004f91   Thumb Code    18  fepilogue.o(.text)
    _float_epilogue                          0x08004fa3   Thumb Code    92  fepilogue.o(.text)
    _double_round                            0x08004fff   Thumb Code    30  depilogue.o(.text)
    _double_epilogue                         0x0800501d   Thumb Code   156  depilogue.o(.text)
    __aeabi_d2ulz                            0x080050b9   Thumb Code    48  dfixul.o(.text)
    __scatterload                            0x080050e9   Thumb Code    28  init.o(.text)
    __scatterload_rt2                        0x080050e9   Thumb Code     0  init.o(.text)
    isspace                                  0x0800510d   Thumb Code    10  isspace_c.o(.text)
    _scanf_real                              0x08005241   Thumb Code     0  scanf_fp.o(.text)
    _scanf_really_real                       0x08005241   Thumb Code   556  scanf_fp.o(.text)
    _sgetc                                   0x08005479   Thumb Code    30  _sgetc.o(.text)
    _sbackspace                              0x08005497   Thumb Code    34  _sgetc.o(.text)
    __ARM_scalbn                             0x080054b9   Thumb Code    46  dscalb.o(.text)
    scalbn                                   0x080054b9   Thumb Code     0  dscalb.o(.text)
    __ctype_lookup                           0x080054e9   Thumb Code    34  ctype_c.o(.text)
    __aeabi_ul2d                             0x08005511   Thumb Code    24  dfltul.o(.text)
    __0sprintf                               0x08005529   Thumb Code    34  printfa.o(i.__0sprintf)
    __1sprintf                               0x08005529   Thumb Code     0  printfa.o(i.__0sprintf)
    __2sprintf                               0x08005529   Thumb Code     0  printfa.o(i.__0sprintf)
    __c89sprintf                             0x08005529   Thumb Code     0  printfa.o(i.__0sprintf)
    sprintf                                  0x08005529   Thumb Code     0  printfa.o(i.__0sprintf)
    __ARM_fpclassify                         0x08005551   Thumb Code    40  fpclassify.o(i.__ARM_fpclassify)
    __kernel_poly                            0x08005579   Thumb Code   170  poly.o(i.__kernel_poly)
    __mathlib_dbl_infnan                     0x08005623   Thumb Code     6  dunder.o(i.__mathlib_dbl_infnan)
    __mathlib_dbl_infnan2                    0x08005629   Thumb Code     4  dunder.o(i.__mathlib_dbl_infnan2)
    __mathlib_dbl_underflow                  0x0800562d   Thumb Code    10  dunder.o(i.__mathlib_dbl_underflow)
    __read_errno                             0x0800563d   Thumb Code     6  errno.o(i.__read_errno)
    __scatterload_copy                       0x08005649   Thumb Code    14  handlers.o(i.__scatterload_copy)
    __scatterload_null                       0x08005657   Thumb Code     2  handlers.o(i.__scatterload_null)
    __scatterload_zeroinit                   0x08005659   Thumb Code    14  handlers.o(i.__scatterload_zeroinit)
    __set_errno                              0x08005669   Thumb Code     6  errno.o(i.__set_errno)
    _is_digit                                0x080057f9   Thumb Code    14  scanf_fp.o(i._is_digit)
    atan                                     0x08005f41   Thumb Code   474  atan.o(i.atan)
    atan2                                    0x08006161   Thumb Code   346  atan2.o(i.atan2)
    atof                                     0x080062e1   Thumb Code    42  atof.o(i.atof)
    FirmwareVer                              0x0800630a   Data           6  manage.o(.constdata)
    EEPROMVer                                0x08006310   Data           6  manage.o(.constdata)
    MCUVer                                   0x08006316   Data           9  manage.o(.constdata)
    __mathlib_zero                           0x080063b8   Data           8  qnan.o(.constdata)
    __ctype_categories                       0x080063c0   Data          64  ctype_c.o(.constdata)
    Region$$Table$$Base                      0x08006400   Number         0  anon$$obj.o(Region$$Table)
    Region$$Table$$Limit                     0x08006420   Number         0  anon$$obj.o(Region$$Table)
    SystemCoreClock                          0x20000014   Data           4  system_stm32f10x.o(.data)
    AHBPrescTable                            0x20000018   Data          16  system_stm32f10x.o(.data)
    g_fGyro_x                                0x2000002a   Data           2  mpu6050.o(.data)
    g_fAccel_y                               0x2000002c   Data           2  mpu6050.o(.data)
    g_fAccel_z                               0x2000002e   Data           2  mpu6050.o(.data)
    Uart1Index                               0x20000030   Data           1  usart.o(.data)
    TIM1CH4_CAPTURE_STA                      0x20000034   Data           4  ultrasonic.o(.data)
    TIM1CH4_CAPTURE_VAL                      0x20000038   Data           4  ultrasonic.o(.data)
    Distance                                 0x2000003c   Data           4  ultrasonic.o(.data)
    UltraError                               0x20000040   Data           4  ultrasonic.o(.data)
    StatusFlag                               0x20000045   Data           1  communicate.o(.data)
    g_u8MainEventCount                       0x20000048   Data           1  control.o(.data)
    g_u8SpeedControlCount                    0x20000049   Data           1  control.o(.data)
    g_u8SpeedControlPeriod                   0x2000004a   Data           1  control.o(.data)
    g_u8DirectionControlPeriod               0x2000004b   Data           1  control.o(.data)
    g_u8DirectionControlCount                0x2000004c   Data           1  control.o(.data)
    g_cMotorDisable                          0x2000004d   Data           1  control.o(.data)
    g_iGravity_Offset                        0x20000050   Data           4  control.o(.data)
    g_fSpeedControlOut                       0x20000054   Data           4  control.o(.data)
    g_fSpeedControlOutOld                    0x20000058   Data           4  control.o(.data)
    g_fSpeedControlOutNew                    0x2000005c   Data           4  control.o(.data)
    g_fAngleControlOut                       0x20000060   Data           4  control.o(.data)
    g_fLeftMotorOut                          0x20000064   Data           4  control.o(.data)
    g_fRightMotorOut                         0x20000068   Data           4  control.o(.data)
    g_s16LeftMotorPulse                      0x2000006c   Data           2  control.o(.data)
    g_s16RightMotorPulse                     0x2000006e   Data           2  control.o(.data)
    g_s32LeftMotorPulseOld                   0x20000070   Data           4  control.o(.data)
    g_s32RightMotorPulseOld                  0x20000074   Data           4  control.o(.data)
    g_s32LeftMotorPulseSigma                 0x20000078   Data           4  control.o(.data)
    g_s32RightMotorPulseSigma                0x2000007c   Data           4  control.o(.data)
    g_fCarSpeed                              0x20000080   Data           4  control.o(.data)
    g_iCarSpeedSet                           0x20000084   Data           4  control.o(.data)
    g_fCarSpeedOld                           0x20000088   Data           4  control.o(.data)
    g_fCarPosition                           0x2000008c   Data           4  control.o(.data)
    g_tCarAnglePID                           0x20000090   Data          12  control.o(.data)
    g_tCarSpeedPID                           0x2000009c   Data          12  control.o(.data)
    g_fBluetoothSpeed                        0x200000a8   Data           4  control.o(.data)
    g_fBluetoothDirection                    0x200000ac   Data           4  control.o(.data)
    g_fBluetoothDirectionOld                 0x200000b0   Data           4  control.o(.data)
    g_fBluetoothDirectionNew                 0x200000b4   Data           4  control.o(.data)
    g_fBluetoothDirectionOut                 0x200000b8   Data           4  control.o(.data)
    g_fCarAngle                              0x200000bc   Data           4  control.o(.data)
    g_fGyroAngleSpeed                        0x200000c0   Data           4  control.o(.data)
    g_fGravityAngle                          0x200000c4   Data           4  control.o(.data)
    g_iLeftTurnRoundCnt                      0x200000c8   Data           4  control.o(.data)
    g_iRightTurnRoundCnt                     0x200000cc   Data           4  control.o(.data)
    g_nSpeedTarget                           0x200000d4   Data           4  control.o(.data)
    g_nLSpeedpwm                             0x200000d8   Data           4  control.o(.data)
    g_nRSpeedpwm                             0x200000dc   Data           4  control.o(.data)
    g_RunTime                                0x20000104   Data           2  manage.o(.data)
    g_BatVolt                                0x20000106   Data           2  manage.o(.data)
    g_CarRunningMode                         0x20000108   Data           1  manage.o(.data)
    Uart1Buffer                              0x20000114   Data         128  usart.o(.bss)
    SoftTimer                                0x20000194   Data          10  systick.o(.bss)
    __initial_sp                             0x20000620   Data           0  startup_stm32f10x_md.o(STACK)



==============================================================================

Memory Map of the image

  Image Entry point : 0x080000ed

  Load Region LR_IROM1 (Base: 0x08000000, Size: 0x00006534, Max: 0x00010000, ABSOLUTE)

    Execution Region ER_IROM1 (Exec base: 0x08000000, Load base: 0x08000000, Size: 0x00006420, Max: 0x00010000, ABSOLUTE)

    Exec Addr    Load Addr    Size         Type   Attr      Idx    E Section Name        Object

    0x08000000   0x08000000   0x000000ec   Data   RO          213    RESET               startup_stm32f10x_md.o
    0x080000ec   0x080000ec   0x00000000   Code   RO          678  * .ARM.Collect$$$$00000000  mc_w.l(entry.o)
    0x080000ec   0x080000ec   0x00000004   Code   RO         1017    .ARM.Collect$$$$00000001  mc_w.l(entry2.o)
    0x080000f0   0x080000f0   0x00000004   Code   RO         1020    .ARM.Collect$$$$00000004  mc_w.l(entry5.o)
    0x080000f4   0x080000f4   0x00000000   Code   RO         1022    .ARM.Collect$$$$00000008  mc_w.l(entry7b.o)
    0x080000f4   0x080000f4   0x00000000   Code   RO         1024    .ARM.Collect$$$$0000000A  mc_w.l(entry8b.o)
    0x080000f4   0x080000f4   0x00000008   Code   RO         1025    .ARM.Collect$$$$0000000B  mc_w.l(entry9a.o)
    0x080000fc   0x080000fc   0x00000000   Code   RO         1027    .ARM.Collect$$$$0000000D  mc_w.l(entry10a.o)
    0x080000fc   0x080000fc   0x00000000   Code   RO         1029    .ARM.Collect$$$$0000000F  mc_w.l(entry11a.o)
    0x080000fc   0x080000fc   0x00000004   Code   RO         1018    .ARM.Collect$$$$00002712  mc_w.l(entry2.o)
    0x08000100   0x08000100   0x000000dc   Code   RO            1    .text               misc.o
    0x080001dc   0x080001dc   0x0000035c   Code   RO           80    .text               stm32f10x_gpio.o
    0x08000538   0x08000538   0x000003a4   Code   RO          104    .text               stm32f10x_rcc.o
    0x080008dc   0x080008dc   0x00000e1a   Code   RO          118    .text               stm32f10x_tim.o
    0x080016f6   0x080016f6   0x00000002   PAD
    0x080016f8   0x080016f8   0x00000408   Code   RO          130    .text               stm32f10x_usart.o
    0x08001b00   0x08001b00   0x000005bc   Code   RO          157    .text               stm32f10x_flash.o
    0x080020bc   0x080020bc   0x000001e0   Code   RO          183    .text               system_stm32f10x.o
    0x0800229c   0x0800229c   0x00000024   Code   RO          214    .text               startup_stm32f10x_md.o
    0x080022c0   0x080022c0   0x00000104   Code   RO          218    .text               bsp.o
    0x080023c4   0x080023c4   0x00000104   Code   RO          271    .text               mpu6050.o
    0x080024c8   0x080024c8   0x00000220   Code   RO          298    .text               usart.o
    0x080026e8   0x080026e8   0x000003b8   Code   RO          326    .text               i2c.o
    0x08002aa0   0x08002aa0   0x00000214   Code   RO          338    .text               ultrasonic.o
    0x08002cb4   0x08002cb4   0x00000304   Code   RO          356    .text               motor.o
    0x08002fb8   0x08002fb8   0x000000f0   Code   RO          368    .text               infrare.o
    0x080030a8   0x080030a8   0x000000a8   Code   RO          405    .text               systick.o
    0x08003150   0x08003150   0x00000084   Code   RO          452    .text               main.o
    0x080031d4   0x080031d4   0x00000100   Code   RO          482    .text               stm32f10x_it.o
    0x080032d4   0x080032d4   0x000000c6   Code   RO          501    .text               common.o
    0x0800339a   0x0800339a   0x00000002   PAD
    0x0800339c   0x0800339c   0x00000608   Code   RO          513    .text               communicate.o
    0x080039a4   0x080039a4   0x00000bc0   Code   RO          538    .text               control.o
    0x08004564   0x08004564   0x000001a8   Code   RO          574    .text               dataflash.o
    0x0800470c   0x0800470c   0x00000024   Code   RO          681    .text               mc_w.l(memseta.o)
    0x08004730   0x08004730   0x00000024   Code   RO          683    .text               mc_w.l(strstr.o)
    0x08004754   0x08004754   0x0000000e   Code   RO          685    .text               mc_w.l(strlen.o)
    0x08004762   0x08004762   0x00000002   PAD
    0x08004764   0x08004764   0x00000044   Code   RO          687    .text               mc_w.l(strtok.o)
    0x080047a8   0x080047a8   0x000000b0   Code   RO          954    .text               mf_w.l(fadd.o)
    0x08004858   0x08004858   0x00000064   Code   RO          956    .text               mf_w.l(fmul.o)
    0x080048bc   0x080048bc   0x0000007c   Code   RO          958    .text               mf_w.l(fdiv.o)
    0x08004938   0x08004938   0x0000014e   Code   RO          960    .text               mf_w.l(dadd.o)
    0x08004a86   0x08004a86   0x000000e4   Code   RO          962    .text               mf_w.l(dmul.o)
    0x08004b6a   0x08004b6a   0x000000de   Code   RO          964    .text               mf_w.l(ddiv.o)
    0x08004c48   0x08004c48   0x00000012   Code   RO          966    .text               mf_w.l(fflti.o)
    0x08004c5a   0x08004c5a   0x00000022   Code   RO          968    .text               mf_w.l(dflti.o)
    0x08004c7c   0x08004c7c   0x00000032   Code   RO          972    .text               mf_w.l(ffixi.o)
    0x08004cae   0x08004cae   0x0000003e   Code   RO          976    .text               mf_w.l(dfixi.o)
    0x08004cec   0x08004cec   0x00000032   Code   RO          978    .text               mf_w.l(dfixui.o)
    0x08004d1e   0x08004d1e   0x00000026   Code   RO          980    .text               mf_w.l(f2d.o)
    0x08004d44   0x08004d44   0x00000030   Code   RO          982    .text               mf_w.l(cdcmple.o)
    0x08004d74   0x08004d74   0x00000030   Code   RO          984    .text               mf_w.l(cdrcmple.o)
    0x08004da4   0x08004da4   0x00000038   Code   RO          986    .text               mf_w.l(d2f.o)
    0x08004ddc   0x08004ddc   0x00000014   Code   RO          988    .text               mf_w.l(cfcmple.o)
    0x08004df0   0x08004df0   0x00000014   Code   RO          990    .text               mf_w.l(cfrcmple.o)
    0x08004e04   0x08004e04   0x0000002c   Code   RO         1034    .text               mc_w.l(uidiv.o)
    0x08004e30   0x08004e30   0x00000062   Code   RO         1036    .text               mc_w.l(uldiv.o)
    0x08004e92   0x08004e92   0x0000001e   Code   RO         1038    .text               mc_w.l(llshl.o)
    0x08004eb0   0x08004eb0   0x00000020   Code   RO         1040    .text               mc_w.l(llushr.o)
    0x08004ed0   0x08004ed0   0x00000024   Code   RO         1042    .text               mc_w.l(llsshr.o)
    0x08004ef4   0x08004ef4   0x0000009c   Code   RO         1051    .text               mc_w.l(strtod.o)
    0x08004f90   0x08004f90   0x00000000   Code   RO         1053    .text               mc_w.l(iusefp.o)
    0x08004f90   0x08004f90   0x0000006e   Code   RO         1054    .text               mf_w.l(fepilogue.o)
    0x08004ffe   0x08004ffe   0x000000ba   Code   RO         1056    .text               mf_w.l(depilogue.o)
    0x080050b8   0x080050b8   0x00000030   Code   RO         1058    .text               mf_w.l(dfixul.o)
    0x080050e8   0x080050e8   0x00000024   Code   RO         1064    .text               mc_w.l(init.o)
    0x0800510c   0x0800510c   0x0000000a   Code   RO         1067    .text               mc_w.l(isspace_c.o)
    0x08005116   0x08005116   0x00000002   PAD
    0x08005118   0x08005118   0x00000360   Code   RO         1069    .text               mc_w.l(scanf_fp.o)
    0x08005478   0x08005478   0x00000040   Code   RO         1073    .text               mc_w.l(_sgetc.o)
    0x080054b8   0x080054b8   0x0000002e   Code   RO         1076    .text               mf_w.l(dscalb.o)
    0x080054e6   0x080054e6   0x00000002   PAD
    0x080054e8   0x080054e8   0x00000028   Code   RO         1078    .text               mc_w.l(ctype_c.o)
    0x08005510   0x08005510   0x00000018   Code   RO         1081    .text               mf_w.l(dfltul.o)
    0x08005528   0x08005528   0x00000028   Code   RO          928    i.__0sprintf        mc_w.l(printfa.o)
    0x08005550   0x08005550   0x00000028   Code   RO         1060    i.__ARM_fpclassify  m_ws.l(fpclassify.o)
    0x08005578   0x08005578   0x000000aa   Code   RO         1062    i.__kernel_poly     m_ws.l(poly.o)
    0x08005622   0x08005622   0x00000006   Code   RO         1003    i.__mathlib_dbl_infnan  m_ws.l(dunder.o)
    0x08005628   0x08005628   0x00000004   Code   RO         1004    i.__mathlib_dbl_infnan2  m_ws.l(dunder.o)
    0x0800562c   0x0800562c   0x00000010   Code   RO         1008    i.__mathlib_dbl_underflow  m_ws.l(dunder.o)
    0x0800563c   0x0800563c   0x0000000c   Code   RO         1045    i.__read_errno      mc_w.l(errno.o)
    0x08005648   0x08005648   0x0000000e   Code   RO         1085    i.__scatterload_copy  mc_w.l(handlers.o)
    0x08005656   0x08005656   0x00000002   Code   RO         1086    i.__scatterload_null  mc_w.l(handlers.o)
    0x08005658   0x08005658   0x0000000e   Code   RO         1087    i.__scatterload_zeroinit  mc_w.l(handlers.o)
    0x08005666   0x08005666   0x00000002   PAD
    0x08005668   0x08005668   0x0000000c   Code   RO         1046    i.__set_errno       mc_w.l(errno.o)
    0x08005674   0x08005674   0x00000184   Code   RO          933    i._fp_digits        mc_w.l(printfa.o)
    0x080057f8   0x080057f8   0x0000000e   Code   RO         1071    i._is_digit         mc_w.l(scanf_fp.o)
    0x08005806   0x08005806   0x00000002   PAD
    0x08005808   0x08005808   0x000006dc   Code   RO          934    i._printf_core      mc_w.l(printfa.o)
    0x08005ee4   0x08005ee4   0x00000024   Code   RO          935    i._printf_post_padding  mc_w.l(printfa.o)
    0x08005f08   0x08005f08   0x0000002e   Code   RO          936    i._printf_pre_padding  mc_w.l(printfa.o)
    0x08005f36   0x08005f36   0x0000000a   Code   RO          938    i._sputc            mc_w.l(printfa.o)
    0x08005f40   0x08005f40   0x00000220   Code   RO          993    i.atan              m_ws.l(atan.o)
    0x08006160   0x08006160   0x00000180   Code   RO          667    i.atan2             m_ws.l(atan2.o)
    0x080062e0   0x080062e0   0x0000002a   Code   RO          675    i.atof              m_ws.l(atof.o)
    0x0800630a   0x0800630a   0x00000015   Data   RO          613    .constdata          manage.o
    0x0800631f   0x0800631f   0x00000001   PAD
    0x08006320   0x08006320   0x00000098   Data   RO          994    .constdata          m_ws.l(atan.o)
    0x080063b8   0x080063b8   0x00000008   Data   RO         1016    .constdata          m_ws.l(qnan.o)
    0x080063c0   0x080063c0   0x00000040   Data   RO         1079    .constdata          mc_w.l(ctype_c.o)
    0x08006400   0x08006400   0x00000020   Data   RO         1083    Region$$Table       anon$$obj.o


    Execution Region RW_IRAM1 (Exec base: 0x20000000, Load base: 0x08006420, Size: 0x00000620, Max: 0x00005000, ABSOLUTE)

    Exec Addr    Load Addr    Size         Type   Attr      Idx    E Section Name        Object

    0x20000000   0x08006420   0x00000014   Data   RW          105    .data               stm32f10x_rcc.o
    0x20000014   0x08006434   0x00000014   Data   RW          184    .data               system_stm32f10x.o
    0x20000028   0x08006448   0x00000001   Data   RW          219    .data               bsp.o
    0x20000029   0x08006449   0x00000001   PAD
    0x2000002a   0x0800644a   0x00000006   Data   RW          272    .data               mpu6050.o
    0x20000030   0x08006450   0x00000001   Data   RW          300    .data               usart.o
    0x20000031   0x08006451   0x00000003   PAD
    0x20000034   0x08006454   0x00000010   Data   RW          339    .data               ultrasonic.o
    0x20000044   0x08006464   0x00000001   Data   RW          369    .data               infrare.o
    0x20000045   0x08006465   0x00000001   Data   RW          514    .data               communicate.o
    0x20000046   0x08006466   0x00000002   PAD
    0x20000048   0x08006468   0x000000bc   Data   RW          539    .data               control.o
    0x20000104   0x08006524   0x00000005   Data   RW          614    .data               manage.o
    0x20000109   0x08006529   0x00000003   PAD
    0x2000010c   0x0800652c   0x00000004   Data   RW          688    .data               mc_w.l(strtok.o)
    0x20000110   0x08006530   0x00000004   Data   RW         1047    .data               mc_w.l(errno.o)
    0x20000114        -       0x00000080   Zero   RW          299    .bss                usart.o
    0x20000194        -       0x0000000a   Zero   RW          406    .bss                systick.o
    0x2000019e        -       0x00000080   Zero   RW          575    .bss                dataflash.o
    0x2000021e   0x08006534   0x00000002   PAD
    0x20000220        -       0x00000400   Zero   RW          211    STACK               startup_stm32f10x_md.o


==============================================================================

Image component sizes


      Code (inc. data)   RO Data    RW Data    ZI Data      Debug   Object Name

       260         40          0          1          0       1299   bsp.o
       198          0          0          0          0       2120   common.o
      1544        258          0          1          0       2889   communicate.o
      3008        458          0        188          0       8167   control.o
         0          0          0          0          0         32   core_cm3.o
       424         18          0          0        128       2467   dataflash.o
       952          6          0          0          0       4311   i2c.o
       240         12          0          1          0       1417   infrare.o
       132         22          0          0          0        659   main.o
         0          0         21          5          0        892   manage.o
       220         22          0          0          0     253421   misc.o
       772         24          0          0          0       2246   motor.o
       260         20          0          6          0       2518   mpu6050.o
        36          8        236          0       1024        844   startup_stm32f10x_md.o
      1468         34          0          0          0      14614   stm32f10x_flash.o
       860         38          0          0          0       5769   stm32f10x_gpio.o
       256         24          0          0          0       1687   stm32f10x_it.o
       932         36          0         20          0       8980   stm32f10x_rcc.o
      3610         88          0          0          0      22876   stm32f10x_tim.o
      1032         22          0          0          0       8492   stm32f10x_usart.o
       480         38          0         20          0       1919   system_stm32f10x.o
       168         18          0          0         10      16701   systick.o
       532         24          0         16          0       1875   ultrasonic.o
       544         16          0          1        128       3211   usart.o

    ----------------------------------------------------------------------
     17932       1226        290        268       1292     369406   Object Totals
         0          0         32          0          0          0   (incl. Generated)
         4          0          1          9          2          0   (incl. Padding)

    ----------------------------------------------------------------------

      Code (inc. data)   RO Data    RW Data    ZI Data      Debug   Library Member Name

       544         70        152          0          0        124   atan.o
       384         38          0          0          0        144   atan2.o
        42          0          0          0          0         84   atof.o
        26          6          0          0          0        204   dunder.o
        40          0          0          0          0         68   fpclassify.o
       170          0          0          0          0         96   poly.o
         0          0          8          0          0          0   qnan.o
        64          0          0          0          0         84   _sgetc.o
        40          6         64          0          0         68   ctype_c.o
         0          0          0          0          0          0   entry.o
         0          0          0          0          0          0   entry10a.o
         0          0          0          0          0          0   entry11a.o
         8          4          0          0          0          0   entry2.o
         4          0          0          0          0          0   entry5.o
         0          0          0          0          0          0   entry7b.o
         0          0          0          0          0          0   entry8b.o
         8          4          0          0          0          0   entry9a.o
        24         12          0          4          0        136   errno.o
        30          0          0          0          0          0   handlers.o
        36          8          0          0          0         68   init.o
        10          0          0          0          0         68   isspace_c.o
         0          0          0          0          0          0   iusefp.o
        30          0          0          0          0         68   llshl.o
        36          0          0          0          0         68   llsshr.o
        32          0          0          0          0         68   llushr.o
        36          0          0          0          0        108   memseta.o
      2276         86          0          0          0        520   printfa.o
       878         12          0          0          0        216   scanf_fp.o
        14          0          0          0          0         68   strlen.o
        36          0          0          0          0         80   strstr.o
       156         12          0          0          0        120   strtod.o
        68          6          0          4          0         80   strtok.o
        44          0          0          0          0         80   uidiv.o
        98          0          0          0          0         92   uldiv.o
        48          0          0          0          0         68   cdcmple.o
        48          0          0          0          0         68   cdrcmple.o
        20          0          0          0          0         68   cfcmple.o
        20          0          0          0          0         68   cfrcmple.o
        56          0          0          0          0         88   d2f.o
       334          0          0          0          0        148   dadd.o
       222          0          0          0          0        100   ddiv.o
       186          0          0          0          0        176   depilogue.o
        62          0          0          0          0         80   dfixi.o
        50          0          0          0          0         76   dfixui.o
        48          0          0          0          0         68   dfixul.o
        34          0          0          0          0         76   dflti.o
        24          0          0          0          0         76   dfltul.o
       228          0          0          0          0         96   dmul.o
        46          0          0          0          0         80   dscalb.o
        38          0          0          0          0         68   f2d.o
       176          0          0          0          0        140   fadd.o
       124          0          0          0          0         88   fdiv.o
       110          0          0          0          0        168   fepilogue.o
        50          0          0          0          0         68   ffixi.o
        18          0          0          0          0         68   fflti.o
       100          0          0          0          0         76   fmul.o

    ----------------------------------------------------------------------
      7186        264        224          8          0       4724   Library Totals
        10          0          0          0          0          0   (incl. Padding)

    ----------------------------------------------------------------------

      Code (inc. data)   RO Data    RW Data    ZI Data      Debug   Library Name

      1206        114        160          0          0        720   m_ws.l
      3928        150         64          8          0       1992   mc_w.l
      2042          0          0          0          0       2012   mf_w.l

    ----------------------------------------------------------------------
      7186        264        224          8          0       4724   Library Totals

    ----------------------------------------------------------------------

==============================================================================


      Code (inc. data)   RO Data    RW Data    ZI Data      Debug   

     25118       1490        514        276       1292     369758   Grand Totals
     25118       1490        514        276       1292     369758   ELF Image Totals
     25118       1490        514        276          0          0   ROM Totals

==============================================================================

    Total RO  Size (Code + RO Data)                25632 (  25.03kB)
    Total RW  Size (RW Data + ZI Data)              1568 (   1.53kB)
    Total ROM Size (Code + RO Data + RW Data)      25908 (  25.30kB)

==============================================================================

