Component: ARM Compiler 5.06 update 7 (build 960) Tool: armlink [4d3601]

==============================================================================

Section Cross References

    stm32f10x_adc.o(.text) refers to stm32f10x_rcc.o(.text) for RCC_APB2PeriphResetCmd
    stm32f10x_bkp.o(.text) refers to stm32f10x_rcc.o(.text) for RCC_BackupResetCmd
    stm32f10x_can.o(.text) refers to stm32f10x_rcc.o(.text) for RCC_APB1PeriphResetCmd
    stm32f10x_cec.o(.text) refers to stm32f10x_rcc.o(.text) for RCC_APB1PeriphResetCmd
    stm32f10x_dac.o(.text) refers to stm32f10x_rcc.o(.text) for RCC_APB1PeriphResetCmd
    stm32f10x_gpio.o(.text) refers to stm32f10x_rcc.o(.text) for RCC_APB2PeriphResetCmd
    stm32f10x_i2c.o(.text) refers to stm32f10x_rcc.o(.text) for RCC_APB1PeriphResetCmd
    stm32f10x_pwr.o(.text) refers to stm32f10x_rcc.o(.text) for RCC_APB1PeriphResetCmd
    stm32f10x_rcc.o(.text) refers to stm32f10x_rcc.o(.data) for APBAHBPrescTable
    stm32f10x_spi.o(.text) refers to stm32f10x_rcc.o(.text) for RCC_APB2PeriphResetCmd
    stm32f10x_tim.o(.text) refers to stm32f10x_rcc.o(.text) for RCC_APB2PeriphResetCmd
    stm32f10x_usart.o(.text) refers to stm32f10x_rcc.o(.text) for RCC_APB2PeriphResetCmd
    stm32f10x_wwdg.o(.text) refers to stm32f10x_rcc.o(.text) for RCC_APB1PeriphResetCmd
    system_stm32f10x.o(.text) refers to system_stm32f10x.o(.data) for SystemCoreClock
    startup_stm32f10x_md.o(RESET) refers to startup_stm32f10x_md.o(STACK) for __initial_sp
    startup_stm32f10x_md.o(RESET) refers to startup_stm32f10x_md.o(.text) for Reset_Handler
    startup_stm32f10x_md.o(RESET) refers to stm32f10x_it.o(.text) for NMI_Handler
    startup_stm32f10x_md.o(RESET) refers to ultrasonic.o(.text) for TIM1_CC_IRQHandler
    startup_stm32f10x_md.o(RESET) refers to motor.o(.text) for TIM2_IRQHandler
    startup_stm32f10x_md.o(.text) refers to system_stm32f10x.o(.text) for SystemInit
    startup_stm32f10x_md.o(.text) refers to entry.o(.ARM.Collect$$$$00000000) for __main
    bsp.o(.text) refers to stm32f10x_rcc.o(.text) for RCC_APB2PeriphClockCmd
    bsp.o(.text) refers to stm32f10x_gpio.o(.text) for GPIO_PinRemapConfig
    bsp.o(.text) refers to common.o(.text) for XOR_Get
    bsp.o(.text) refers to printfa.o(i.__0sprintf) for __2sprintf
    bsp.o(.text) refers to usart.o(.text) for Uart1SendStr
    bsp.o(.text) refers to motor.o(.text) for TIM3_PWM_Init
    bsp.o(.text) refers to i2c.o(.text) for i2cInit
    bsp.o(.text) refers to i2c2.o(.text) for i2c2Init
    bsp.o(.text) refers to oled-iic.o(.text) for OLED_Init
    bsp.o(.text) refers to mpu6050.o(.text) for MPU6050_Init
    bsp.o(.text) refers to bsp.o(.data) for flag
    mpu6050.o(.text) refers to i2c2.o(.text) for i2c2write
    mpu6050.o(.text) refers to mpu6050.o(.data) for g_fGyro_x
    adc.o(.text) refers to stm32f10x_rcc.o(.text) for RCC_APB2PeriphClockCmd
    adc.o(.text) refers to stm32f10x_gpio.o(.text) for GPIO_Init
    adc.o(.text) refers to stm32f10x_adc.o(.text) for ADC_Init
    adc.o(.text) refers to dfltui.o(.text) for __aeabi_ui2d
    adc.o(.text) refers to dmul.o(.text) for __aeabi_dmul
    adc.o(.text) refers to d2f.o(.text) for __aeabi_d2f
    adc.o(.text) refers to ffixui.o(.text) for __aeabi_f2uiz
    usart.o(.text) refers to stm32f10x_rcc.o(.text) for RCC_APB2PeriphClockCmd
    usart.o(.text) refers to stm32f10x_gpio.o(.text) for GPIO_Init
    usart.o(.text) refers to stm32f10x_usart.o(.text) for USART_Init
    usart.o(.text) refers to misc.o(.text) for NVIC_PriorityGroupConfig
    usart.o(.text) refers to strlen.o(.text) for strlen
    i2c.o(.text) refers to stm32f10x_rcc.o(.text) for RCC_APB2PeriphClockCmd
    i2c.o(.text) refers to stm32f10x_gpio.o(.text) for GPIO_Init
    ultrasonic.o(.text) refers to stm32f10x_rcc.o(.text) for RCC_APB2PeriphClockCmd
    ultrasonic.o(.text) refers to stm32f10x_gpio.o(.text) for GPIO_Init
    ultrasonic.o(.text) refers to stm32f10x_tim.o(.text) for TIM_TimeBaseInit
    ultrasonic.o(.text) refers to misc.o(.text) for NVIC_Init
    ultrasonic.o(.text) refers to common.o(.text) for delay_us
    ultrasonic.o(.text) refers to ultrasonic.o(.data) for TIM1CH4_CAPTURE_STA
    motor.o(.text) refers to stm32f10x_rcc.o(.text) for RCC_APB2PeriphClockCmd
    motor.o(.text) refers to stm32f10x_gpio.o(.text) for GPIO_Init
    motor.o(.text) refers to stm32f10x_tim.o(.text) for TIM_TimeBaseInit
    motor.o(.text) refers to misc.o(.text) for NVIC_Init
    infrare.o(.text) refers to stm32f10x_rcc.o(.text) for RCC_APB2PeriphClockCmd
    infrare.o(.text) refers to stm32f10x_gpio.o(.text) for GPIO_Init
    infrare.o(.text) refers to infrare.o(.data) for InfrareError
    hc05.o(.text) refers to stm32f10x_rcc.o(.text) for RCC_APB2PeriphClockCmd
    hc05.o(.text) refers to stm32f10x_gpio.o(.text) for GPIO_Init
    hc05.o(.text) refers to common.o(.text) for delay_ms
    hc05.o(.text) refers to usart.o(.text) for Uart1SendStr
    hc05.o(.text) refers to communicate.o(.text) for ParseAT
[...]
    .ARM.Collect$$$$0000000A                 0x080000f4   Section        0  entry8b.o(.ARM.Collect$$$$0000000A)
    .ARM.Collect$$$$0000000B                 0x080000f4   Section        8  entry9a.o(.ARM.Collect$$$$0000000B)
    .ARM.Collect$$$$0000000E                 0x080000fc   Section        4  entry12b.o(.ARM.Collect$$$$0000000E)
    .ARM.Collect$$$$0000000F                 0x08000100   Section        0  entry10a.o(.ARM.Collect$$$$0000000F)
    .ARM.Collect$$$$00000011                 0x08000100   Section        0  entry11a.o(.ARM.Collect$$$$00000011)
    .ARM.Collect$$$$00002712                 0x08000100   Section        4  entry2.o(.ARM.Collect$$$$00002712)
    __lit__00000000                          0x08000100   Data           4  entry2.o(.ARM.Collect$$$$00002712)
    .text                                    0x08000104   Section        0  misc.o(.text)
    .text                                    0x080001e0   Section        0  stm32f10x_flash.o(.text)
    .text                                    0x0800079c   Section        0  stm32f10x_gpio.o(.text)
    .text                                    0x08000af8   Section        0  stm32f10x_rcc.o(.text)
    .text                                    0x08000e9c   Section        0  stm32f10x_tim.o(.text)
    TI4_Config                               0x08001343   Thumb Code   130  stm32f10x_tim.o(.text)
    TI3_Config                               0x080013d7   Thumb Code   122  stm32f10x_tim.o(.text)
    TI2_Config                               0x0800146b   Thumb Code   130  stm32f10x_tim.o(.text)
    TI1_Config                               0x080014ff   Thumb Code   108  stm32f10x_tim.o(.text)
    .text                                    0x08001cb8   Section        0  stm32f10x_usart.o(.text)
    .text                                    0x080020c0   Section        0  system_stm32f10x.o(.text)
    SetSysClockTo72                          0x080020c1   Thumb Code   214  system_stm32f10x.o(.text)
    SetSysClock                              0x08002197   Thumb Code     8  system_stm32f10x.o(.text)
    .text                                    0x080022a0   Section       36  startup_stm32f10x_md.o(.text)
    .text                                    0x080022c4   Section        0  bsp.o(.text)
    .text                                    0x080023d0   Section        0  mpu6050.o(.text)
    .text                                    0x080024d4   Section        0  usart.o(.text)
    .text                                    0x080026f4   Section        0  i2c.o(.text)
    I2C_delay                                0x080026f5   Thumb Code    22  i2c.o(.text)
    I2C_Start                                0x0800270b   Thumb Code    90  i2c.o(.text)
    I2C_Stop                                 0x08002765   Thumb Code    56  i2c.o(.text)
    I2C_Ack                                  0x0800279d   Thumb Code    58  i2c.o(.text)
    I2C_NoAck                                0x080027d7   Thumb Code    56  i2c.o(.text)
    I2C_WaitAck                              0x0800280f   Thumb Code    80  i2c.o(.text)
    I2C_SendByte                             0x0800285f   Thumb Code    90  i2c.o(.text)
    I2C_ReceiveByte                          0x080028b9   Thumb Code    84  i2c.o(.text)
    .text                                    0x08002aac   Section        0  ultrasonic.o(.text)
    .text                                    0x08002cc0   Section        0  motor.o(.text)
    TIM3_GPIO_Init                           0x08002d0d   Thumb Code    54  motor.o(.text)
    TIM3_Mode_Init                           0x08002d43   Thumb Code   162  motor.o(.text)
    .text                                    0x08002fc4   Section        0  infrare.o(.text)
    .text                                    0x080030b4   Section        0  i2c2.o(.text)
    I2C2_delay                               0x080030b5   Thumb Code    22  i2c2.o(.text)
    I2C2_Start                               0x080030cb   Thumb Code    90  i2c2.o(.text)
    I2C2_Stop                                0x08003125   Thumb Code    56  i2c2.o(.text)
    I2C2_Ack                                 0x0800315d   Thumb Code    58  i2c2.o(.text)
    I2C2_NoAck                               0x08003197   Thumb Code    56  i2c2.o(.text)
    I2C2_WaitAck                             0x080031cf   Thumb Code    80  i2c2.o(.text)
    I2C2_SendByte                            0x0800321f   Thumb Code    90  i2c2.o(.text)
    I2C2_ReceiveByte                         0x08003279   Thumb Code    84  i2c2.o(.text)
    .text                                    0x0800346c   Section        0  oled-iic.o(.text)
    .text                                    0x08003924   Section        0  systick.o(.text)
    .text                                    0x080039cc   Section        0  main.o(.text)
    .text                                    0x08003a58   Section        0  stm32f10x_it.o(.text)
    .text                                    0x08003b58   Section        0  common.o(.text)
    .text                                    0x08003c20   Section        0  communicate.o(.text)
    .text                                    0x08004228   Section        0  control.o(.text)
    .text                                    0x08004de8   Section        0  dataflash.o(.text)
    .text                                    0x08004f90   Section        0  display.o(.text)
    .text                                    0x080050f0   Section        0  memseta.o(.text)
    .text                                    0x08005114   Section        0  strstr.o(.text)
    .text                                    0x08005138   Section        0  strlen.o(.text)
    .text                                    0x08005148   Section        0  strtok.o(.text)
    .text                                    0x0800518c   Section        0  fadd.o(.text)
    .text                                    0x0800523c   Section        0  fmul.o(.text)
    .text                                    0x080052a0   Section        0  fdiv.o(.text)
    .text                                    0x0800531c   Section        0  dadd.o(.text)
    .text                                    0x0800546a   Section        0  dmul.o(.text)
    .text                                    0x0800554e   Section        0  ddiv.o(.text)
    .text                                    0x0800562c   Section        0  fflti.o(.text)
    .text                                    0x0800563e   Section        0  dflti.o(.text)
    .text                                    0x08005660   Section        0  ffixi.o(.text)
    .text                                    0x08005692   Section        0  dfixi.o(.text)
    .text                                    0x080056d0   Section        0  dfixui.o(.text)
    .text                                    0x08005702   Section        0  f2d.o(.text)
    .text                                    0x08005728   Section       48  cdcmple.o(.text)
    .text                                    0x08005758   Section       48  cdrcmple.o(.text)
    .text                                    0x08005788   Section        0  d2f.o(.text)
    .text                                    0x080057c0   Section       20  cfcmple.o(.text)
    .text                                    0x080057d4   Section       20  cfrcmple.o(.text)
    .text                                    0x080057e8   Section        0  uidiv.o(.text)
    .text                                    0x08005814   Section        0  uldiv.o(.text)
    .text                                    0x08005876   Section        0  llshl.o(.text)
    .text                                    0x08005894   Section        0  llushr.o(.text)
    .text                                    0x080058b4   Section        0  llsshr.o(.text)
    .text                                    0x080058d8   Section        0  strtod.o(.text)
    _local_sscanf                            0x080058d9   Thumb Code    54  strtod.o(.text)
    .text                                    0x08005974   Section        0  fepilogue.o(.text)
    .text                                    0x08005974   Section        0  iusefp.o(.text)
    .text                                    0x080059e2   Section        0  depilogue.o(.text)
    .text                                    0x08005a9c   Section        0  dfixul.o(.text)
    .text                                    0x08005acc   Section       36  init.o(.text)
    .text                                    0x08005af0   Section        0  isspace_c.o(.text)
    .text                                    0x08005afc   Section        0  scanf_fp.o(.text)
    _fp_value                                0x08005afd   Thumb Code   296  scanf_fp.o(.text)
    .text                                    0x08005e5c   Section        0  _sgetc.o(.text)
    .text                                    0x08005e9c   Section        0  dscalb.o(.text)
    .text                                    0x08005ecc   Section        0  ctype_c.o(.text)
    .text                                    0x08005ef4   Section        0  dfltul.o(.text)
    .text                                    0x08005f0c   Section        0  __dczerorl2.o(.text)
    i.__0snprintf                            0x08005f64   Section        0  printfa.o(i.__0snprintf)
    i.__0sprintf                             0x08005f98   Section        0  printfa.o(i.__0sprintf)
    i.__ARM_fpclassify                       0x08005fc0   Section        0  fpclassify.o(i.__ARM_fpclassify)
    i.__kernel_poly                          0x08005fe8   Section        0  poly.o(i.__kernel_poly)
    i.__mathlib_dbl_infnan                   0x08006092   Section        0  dunder.o(i.__mathlib_dbl_infnan)
    i.__mathlib_dbl_infnan2                  0x08006098   Section        0  dunder.o(i.__mathlib_dbl_infnan2)
    i.__mathlib_dbl_underflow                0x0800609c   Section        0  dunder.o(i.__mathlib_dbl_underflow)
    i.__read_errno                           0x080060ac   Section        0  errno.o(i.__read_errno)
    i.__scatterload_copy                     0x080060b8   Section       14  handlers.o(i.__scatterload_copy)
    i.__scatterload_null                     0x080060c6   Section        2  handlers.o(i.__scatterload_null)
    i.__scatterload_zeroinit                 0x080060c8   Section       14  handlers.o(i.__scatterload_zeroinit)
    i.__set_errno                            0x080060d8   Section        0  errno.o(i.__set_errno)
    i._fp_digits                             0x080060e4   Section        0  printfa.o(i._fp_digits)
    _fp_digits                               0x080060e5   Thumb Code   366  printfa.o(i._fp_digits)
    i._is_digit                              0x08006268   Section        0  scanf_fp.o(i._is_digit)
    i._printf_core                           0x08006278   Section        0  printfa.o(i._printf_core)
    _printf_core                             0x08006279   Thumb Code  1704  printfa.o(i._printf_core)
    i._printf_post_padding                   0x0800692c   Section        0  printfa.o(i._printf_post_padding)
    _printf_post_padding                     0x0800692d   Thumb Code    36  printfa.o(i._printf_post_padding)
    i._printf_pre_padding                    0x08006950   Section        0  printfa.o(i._printf_pre_padding)
    _printf_pre_padding                      0x08006951   Thumb Code    46  printfa.o(i._printf_pre_padding)
    i._snputc                                0x0800697e   Section        0  printfa.o(i._snputc)
    _snputc                                  0x0800697f   Thumb Code    22  printfa.o(i._snputc)
    i._sputc                                 0x08006994   Section        0  printfa.o(i._sputc)
    _sputc                                   0x08006995   Thumb Code    10  printfa.o(i._sputc)
    i.atan                                   0x080069a0   Section        0  atan.o(i.atan)
    i.atan2                                  0x08006bc0   Section        0  atan2.o(i.atan2)
    i.atof                                   0x08006d5c   Section        0  atof.o(i.atof)
    .constdata                               0x08006d86   Section     2072  oled-iic.o(.constdata)
    .constdata                               0x0800759e   Section       21  manage.o(.constdata)
    .constdata                               0x080075b8   Section      152  atan.o(.constdata)
    atanhi                                   0x080075b8   Data          32  atan.o(.constdata)
    atanlo                                   0x080075d8   Data          32  atan.o(.constdata)
    aTodd                                    0x080075f8   Data          40  atan.o(.constdata)
    aTeven                                   0x08007620   Data          48  atan.o(.constdata)
    .constdata                               0x08007650   Section        8  qnan.o(.constdata)
    .constdata                               0x08007658   Section       64  ctype_c.o(.constdata)
    .data                                    0x20000000   Section       20  stm32f10x_rcc.o(.data)
    APBAHBPrescTable                         0x20000000   Data          16  stm32f10x_rcc.o(.data)
    ADCPrescTable                            0x20000010   Data           4  stm32f10x_rcc.o(.data)
    .data                                    0x20000014   Section       20  system_stm32f10x.o(.data)
    .data                                    0x20000028   Section        1  bsp.o(.data)
    flag                                     0x20000028   Data           1  bsp.o(.data)
    .data                                    0x2000002a   Section        6  mpu6050.o(.data)
    .data                                    0x20000030   Section        1  usart.o(.data)
    .data                                    0x20000034   Section       16  ultrasonic.o(.data)
    .data                                    0x20000044   Section        1  infrare.o(.data)
    InfrareError                             0x20000044   Data           1  infrare.o(.data)
    .data                                    0x20000045   Section      256  oled-iic.o(.data)
    .data                                    0x20000145   Section        1  communicate.o(.data)
    .data                                    0x20000148   Section      188  control.o(.data)
    AbnormalSpinFlag                         0x200001d0   Data           4  control.o(.data)
    nErrorPrev                               0x200001e0   Data           4  control.o(.data)
    nPwm                                     0x200001e4   Data           4  control.o(.data)
    nPwmBais                                 0x200001e8   Data           4  control.o(.data)
    nErrorPrev                               0x200001ec   Data           4  control.o(.data)
    nPwm                                     0x200001f0   Data           4  control.o(.data)
    nPwmBais                                 0x200001f4   Data           4  control.o(.data)
    count                                    0x200001f8   Data           2  control.o(.data)
    lastCarAngle                             0x200001fc   Data           4  control.o(.data)
    count                                    0x20000200   Data           2  control.o(.data)
    count1                                   0x20000202   Data           2  control.o(.data)
    .data                                    0x20000204   Section     1025  display.o(.data)
    step                                     0x20000604   Data           1  display.o(.data)
    .data                                    0x20000606   Section        5  manage.o(.data)
    .data                                    0x2000060c   Section        4  strtok.o(.data)
    state                                    0x2000060c   Data           4  strtok.o(.data)
    .data                                    0x20000610   Section        4  errno.o(.data)
    _errno                                   0x20000610   Data           4  errno.o(.data)
    .bss                                     0x20000614   Section      128  usart.o(.bss)
    .bss                                     0x20000694   Section       10  systick.o(.bss)
    .bss                                     0x2000069e   Section      128  dataflash.o(.bss)
    FlashWBuffer                             0x2000069e   Data         128  dataflash.o(.bss)
    STACK                                    0x20000720   Section     1024  startup_stm32f10x_md.o(STACK)

    Global Symbols

    Symbol Name                              Value     Ov Type        Size  Object(Section)

    BuildAttributes$$THM_ISAv4$P$D$K$B$S$PE$A:L22UL41UL21$X:L11$S22US41US21$IEEE1$IW$USESV6$~STKCKD$USESV7$~SHL$OTIME$ROPI$IEEEX$EBA8$MICROLIB$REQ8$PRES8$EABIv2 0x00000000   Number         0  anon$$obj.o ABSOLUTE
    __ARM_use_no_argv                        0x00000000   Number         0  main.o ABSOLUTE
    _printf_a                                0x00000000   Number         0  stubs.o ABSOLUTE
    _printf_c                                0x00000000   Number         0  stubs.o ABSOLUTE
    _printf_charcount                        0x00000000   Number         0  stubs.o ABSOLUTE
    _printf_d                                0x00000000   Number         0  stubs.o ABSOLUTE
    _printf_e                                0x00000000   Number         0  stubs.o ABSOLUTE
    _printf_f                                0x00000000   Number         0  stubs.o ABSOLUTE
    _printf_flags                            0x00000000   Number         0  stubs.o ABSOLUTE
    _printf_fp_dec                           0x00000000   Number         0  stubs.o ABSOLUTE
    _printf_fp_hex                           0x00000000   Number         0  stubs.o ABSOLUTE
    _printf_g                                0x00000000   Number         0  stubs.o ABSOLUTE
    _printf_i                                0x00000000   Number         0  stubs.o ABSOLUTE
    _printf_int_dec                          0x00000000   Number         0  stubs.o ABSOLUTE
    _printf_l                                0x00000000   Number         0  stubs.o ABSOLUTE
    _printf_lc                               0x00000000   Number         0  stubs.o ABSOLUTE
    _printf_ll                               0x00000000   Number         0  stubs.o ABSOLUTE
    _printf_lld                              0x00000000   Number         0  stubs.o ABSOLUTE
    _printf_lli                              0x00000000   Number         0  stubs.o ABSOLUTE
    _printf_llo                              0x00000000   Number         0  stubs.o ABSOLUTE
    _printf_llu                              0x00000000   Number         0  stubs.o ABSOLUTE
    _printf_llx                              0x00000000   Number         0  stubs.o ABSOLUTE
    _printf_longlong_dec                     0x00000000   Number         0  stubs.o ABSOLUTE
    _printf_longlong_hex                     0x00000000   Number         0  stubs.o ABSOLUTE
    _printf_longlong_oct                     0x00000000   Number         0  stubs.o ABSOLUTE
    _printf_ls                               0x00000000   Number         0  stubs.o ABSOLUTE
    _printf_mbtowc                           0x00000000   Number         0  stubs.o ABSOLUTE
    _printf_n                                0x00000000   Number         0  stubs.o ABSOLUTE
    _printf_o                                0x00000000   Number         0  stubs.o ABSOLUTE
    _printf_p                                0x00000000   Number         0  stubs.o ABSOLUTE
    _printf_percent                          0x00000000   Number         0  stubs.o ABSOLUTE
    _printf_pre_padding                      0x00000000   Number         0  stubs.o ABSOLUTE
    _printf_return_value                     0x00000000   Number         0  stubs.o ABSOLUTE
    _printf_s                                0x00000000   Number         0  stubs.o ABSOLUTE
    _printf_sizespec                         0x00000000   Number         0  stubs.o ABSOLUTE
    _printf_str                              0x00000000   Number         0  stubs.o ABSOLUTE
    _printf_truncate_signed                  0x00000000   Number         0  stubs.o ABSOLUTE
    _printf_truncate_unsigned                0x00000000   Number         0  stubs.o ABSOLUTE
    _printf_u                                0x00000000   Number         0  stubs.o ABSOLUTE
    _printf_wc                               0x00000000   Number         0  stubs.o ABSOLUTE
    _printf_wctomb                           0x00000000   Number         0  stubs.o ABSOLUTE
    _printf_widthprec                        0x00000000   Number         0  stubs.o ABSOLUTE
    _printf_x                                0x00000000   Number         0  stubs.o ABSOLUTE
    __arm_fini_                               - Undefined Weak Reference
    __cpp_initialize__aeabi_                  - Undefined Weak Reference
    __cxa_finalize                            - Undefined Weak Reference
    _clock_init                               - Undefined Weak Reference
    _microlib_exit                            - Undefined Weak Reference
    __Vectors_Size                           0x000000ec   Number         0  startup_stm32f10x_md.o ABSOLUTE
    __Vectors                                0x08000000   Data           4  startup_stm32f10x_md.o(RESET)
    __Vectors_End                            0x080000ec   Data           0  startup_stm32f10x_md.o(RESET)
    __main                                   0x080000ed   Thumb Code     0  entry.o(.ARM.Collect$$$$00000000)
    _main_stk                                0x080000ed   Thumb Code     0  entry2.o(.ARM.Collect$$$$00000001)
    _main_scatterload                        0x080000f1   Thumb Code     0  entry5.o(.ARM.Collect$$$$00000004)
    __main_after_scatterload                 0x080000f5   Thumb Code     0  entry5.o(.ARM.Collect$$$$00000004)
    _main_clock                              0x080000f5   Thumb Code     0  entry7b.o(.ARM.Collect$$$$00000008)
    _main_cpp_init                           0x080000f5   Thumb Code     0  entry8b.o(.ARM.Collect$$$$0000000A)
    _main_init                               0x080000f5   Thumb Code     0  entry9a.o(.ARM.Collect$$$$0000000B)
    __rt_lib_shutdown_fini                   0x080000fd   Thumb Code     0  entry12b.o(.ARM.Collect$$$$0000000E)
    __rt_final_cpp                           0x08000101   Thumb Code     0  entry10a.o(.ARM.Collect$$$$0000000F)
    __rt_final_exit                          0x08000101   Thumb Code     0  entry11a.o(.ARM.Collect$$$$00000011)
    NVIC_PriorityGroupConfig                 0x08000105   Thumb Code    10  misc.o(.text)
    NVIC_Init                                0x0800010f   Thumb Code   100  misc.o(.text)
    NVIC_SetVectorTable                      0x08000173   Thumb Code    14  misc.o(.text)
    NVIC_SystemLPConfig                      0x08000181   Thumb Code    34  misc.o(.text)
    SysTick_CLKSourceConfig                  0x080001a3   Thumb Code    40  misc.o(.text)
    FLASH_SetLatency                         0x080001e1   Thumb Code    18  stm32f10x_flash.o(.text)
    FLASH_HalfCycleAccessCmd                 0x080001f3   Thumb Code    22  stm32f10x_flash.o(.text)
    FLASH_PrefetchBufferCmd                  0x08000209   Thumb Code    22  stm32f10x_flash.o(.text)
    FLASH_Unlock                             0x0800021f   Thumb Code    12  stm32f10x_flash.o(.text)
    FLASH_UnlockBank1                        0x0800022b   Thumb Code    12  stm32f10x_flash.o(.text)
    FLASH_Lock                               0x08000237   Thumb Code    14  stm32f10x_flash.o(.text)
    FLASH_LockBank1                          0x08000245   Thumb Code    14  stm32f10x_flash.o(.text)
    FLASH_GetBank1Status                     0x08000253   Thumb Code    48  stm32f10x_flash.o(.text)
    FLASH_WaitForLastOperation               0x08000283   Thumb Code    38  stm32f10x_flash.o(.text)
    FLASH_ErasePage                          0x080002a9   Thumb Code    72  stm32f10x_flash.o(.text)
    FLASH_EraseAllPages                      0x080002f1   Thumb Code    68  stm32f10x_flash.o(.text)
    FLASH_WaitForLastBank1Operation          0x08000335   Thumb Code    38  stm32f10x_flash.o(.text)
    FLASH_EraseAllBank1Pages                 0x0800035b   Thumb Code    68  stm32f10x_flash.o(.text)
    FLASH_GetReadOutProtectionStatus         0x0800039f   Thumb Code    20  stm32f10x_flash.o(.text)
    FLASH_EraseOptionBytes                   0x080003b3   Thumb Code   150  stm32f10x_flash.o(.text)
    FLASH_ProgramWord                        0x08000449   Thumb Code   102  stm32f10x_flash.o(.text)
    FLASH_ProgramHalfWord                    0x080004af   Thumb Code    60  stm32f10x_flash.o(.text)
    FLASH_ProgramOptionByteData              0x080004eb   Thumb Code    72  stm32f10x_flash.o(.text)
    FLASH_EnableWriteProtection              0x08000533   Thumb Code   200  stm32f10x_flash.o(.text)
    FLASH_ReadOutProtection                  0x080005fb   Thumb Code   156  stm32f10x_flash.o(.text)
    FLASH_UserOptionByteConfig               0x08000697   Thumb Code    88  stm32f10x_flash.o(.text)
    FLASH_GetUserOptionByte                  0x080006ef   Thumb Code     8  stm32f10x_flash.o(.text)
    FLASH_GetWriteProtectionOptionByte       0x080006f7   Thumb Code     6  stm32f10x_flash.o(.text)
    FLASH_GetPrefetchBufferStatus            0x080006fd   Thumb Code    20  stm32f10x_flash.o(.text)
    FLASH_ITConfig                           0x08000711   Thumb Code    26  stm32f10x_flash.o(.text)
    FLASH_GetFlagStatus                      0x0800072b   Thumb Code    42  stm32f10x_flash.o(.text)
    FLASH_ClearFlag                          0x08000755   Thumb Code     6  stm32f10x_flash.o(.text)
    FLASH_GetStatus                          0x0800075b   Thumb Code    48  stm32f10x_flash.o(.text)
    GPIO_DeInit                              0x0800079d   Thumb Code   172  stm32f10x_gpio.o(.text)
    GPIO_AFIODeInit                          0x08000849   Thumb Code    20  stm32f10x_gpio.o(.text)
    GPIO_Init                                0x0800085d   Thumb Code   278  stm32f10x_gpio.o(.text)
    GPIO_StructInit                          0x08000973   Thumb Code    16  stm32f10x_gpio.o(.text)
    GPIO_ReadInputDataBit                    0x08000983   Thumb Code    18  stm32f10x_gpio.o(.text)
    GPIO_ReadInputData                       0x08000995   Thumb Code     8  stm32f10x_gpio.o(.text)
    GPIO_ReadOutputDataBit                   0x0800099d   Thumb Code    18  stm32f10x_gpio.o(.text)
    GPIO_ReadOutputData                      0x080009af   Thumb Code     8  stm32f10x_gpio.o(.text)
    GPIO_SetBits                             0x080009b7   Thumb Code     4  stm32f10x_gpio.o(.text)
    GPIO_ResetBits                           0x080009bb   Thumb Code     4  stm32f10x_gpio.o(.text)
    GPIO_WriteBit                            0x080009bf   Thumb Code    10  stm32f10x_gpio.o(.text)
    GPIO_Write                               0x080009c9   Thumb Code     4  stm32f10x_gpio.o(.text)
    GPIO_PinLockConfig                       0x080009cd   Thumb Code    18  stm32f10x_gpio.o(.text)
    GPIO_EventOutputConfig                   0x080009df   Thumb Code    26  stm32f10x_gpio.o(.text)
    GPIO_EventOutputCmd                      0x080009f9   Thumb Code     6  stm32f10x_gpio.o(.text)
    GPIO_PinRemapConfig                      0x080009ff   Thumb Code   138  stm32f10x_gpio.o(.text)
    GPIO_EXTILineConfig                      0x08000a89   Thumb Code    66  stm32f10x_gpio.o(.text)
    GPIO_ETH_MediaInterfaceConfig            0x08000acb   Thumb Code     8  stm32f10x_gpio.o(.text)
    RCC_DeInit                               0x08000af9   Thumb Code    64  stm32f10x_rcc.o(.text)
    RCC_HSEConfig                            0x08000b39   Thumb Code    70  stm32f10x_rcc.o(.text)
    RCC_GetFlagStatus                        0x08000b7f   Thumb Code    56  stm32f10x_rcc.o(.text)
    RCC_WaitForHSEStartUp                    0x08000bb7   Thumb Code    56  stm32f10x_rcc.o(.text)
    RCC_AdjustHSICalibrationValue            0x08000bef   Thumb Code    20  stm32f10x_rcc.o(.text)
    RCC_HSICmd                               0x08000c03   Thumb Code     6  stm32f10x_rcc.o(.text)
    RCC_PLLConfig                            0x08000c09   Thumb Code    24  stm32f10x_rcc.o(.text)
    RCC_PLLCmd                               0x08000c21   Thumb Code     6  stm32f10x_rcc.o(.text)
    RCC_SYSCLKConfig                         0x08000c27   Thumb Code    18  stm32f10x_rcc.o(.text)
    RCC_GetSYSCLKSource                      0x08000c39   Thumb Code    10  stm32f10x_rcc.o(.text)
    RCC_HCLKConfig                           0x08000c43   Thumb Code    18  stm32f10x_rcc.o(.text)
    RCC_PCLK1Config                          0x08000c55   Thumb Code    18  stm32f10x_rcc.o(.text)
    RCC_PCLK2Config                          0x08000c67   Thumb Code    20  stm32f10x_rcc.o(.text)
    RCC_ITConfig                             0x08000c7b   Thumb Code    26  stm32f10x_rcc.o(.text)
    RCC_USBCLKConfig                         0x08000c95   Thumb Code     8  stm32f10x_rcc.o(.text)
    RCC_ADCCLKConfig                         0x08000c9d   Thumb Code    18  stm32f10x_rcc.o(.text)
    RCC_LSEConfig                            0x08000caf   Thumb Code    50  stm32f10x_rcc.o(.text)
    RCC_LSICmd                               0x08000ce1   Thumb Code     6  stm32f10x_rcc.o(.text)
    RCC_RTCCLKConfig                         0x08000ce7   Thumb Code    12  stm32f10x_rcc.o(.text)
    RCC_RTCCLKCmd                            0x08000cf3   Thumb Code     8  stm32f10x_rcc.o(.text)
    RCC_GetClocksFreq                        0x08000cfb   Thumb Code   192  stm32f10x_rcc.o(.text)
    RCC_AHBPeriphClockCmd                    0x08000dbb   Thumb Code    26  stm32f10x_rcc.o(.text)
    RCC_APB2PeriphClockCmd                   0x08000dd5   Thumb Code    26  stm32f10x_rcc.o(.text)
    RCC_APB1PeriphClockCmd                   0x08000def   Thumb Code    26  stm32f10x_rcc.o(.text)
    RCC_APB2PeriphResetCmd                   0x08000e09   Thumb Code    26  stm32f10x_rcc.o(.text)
    RCC_APB1PeriphResetCmd                   0x08000e23   Thumb Code    26  stm32f10x_rcc.o(.text)
    RCC_BackupResetCmd                       0x08000e3d   Thumb Code     8  stm32f10x_rcc.o(.text)
    RCC_ClockSecuritySystemCmd               0x08000e45   Thumb Code     6  stm32f10x_rcc.o(.text)
    RCC_MCOConfig                            0x08000e4b   Thumb Code     6  stm32f10x_rcc.o(.text)
    RCC_ClearFlag                            0x08000e51   Thumb Code    14  stm32f10x_rcc.o(.text)
    RCC_GetITStatus                          0x08000e5f   Thumb Code    20  stm32f10x_rcc.o(.text)
    RCC_ClearITPendingBit                    0x08000e73   Thumb Code     6  stm32f10x_rcc.o(.text)
    TIM_DeInit                               0x08000e9d   Thumb Code   424  stm32f10x_tim.o(.text)
    TIM_TimeBaseInit                         0x08001045   Thumb Code   122  stm32f10x_tim.o(.text)
    TIM_OC1Init                              0x080010bf   Thumb Code   132  stm32f10x_tim.o(.text)
    TIM_OC2Init                              0x08001143   Thumb Code   154  stm32f10x_tim.o(.text)
    TIM_OC3Init                              0x080011dd   Thumb Code   150  stm32f10x_tim.o(.text)
    TIM_OC4Init                              0x08001273   Thumb Code   182  stm32f10x_tim.o(.text)
    TIM_SetIC4Prescaler                      0x08001329   Thumb Code    26  stm32f10x_tim.o(.text)
    TIM_SetIC3Prescaler                      0x080013c5   Thumb Code    18  stm32f10x_tim.o(.text)
    TIM_SetIC2Prescaler                      0x08001451   Thumb Code    26  stm32f10x_tim.o(.text)
    TIM_SetIC1Prescaler                      0x080014ed   Thumb Code    18  stm32f10x_tim.o(.text)
    TIM_ICInit                               0x0800156b   Thumb Code   150  stm32f10x_tim.o(.text)
    TIM_PWMIConfig                           0x08001601   Thumb Code   124  stm32f10x_tim.o(.text)
    TIM_BDTRConfig                           0x0800167d   Thumb Code    32  stm32f10x_tim.o(.text)
    TIM_TimeBaseStructInit                   0x0800169d   Thumb Code    18  stm32f10x_tim.o(.text)
    TIM_OCStructInit                         0x080016af   Thumb Code    20  stm32f10x_tim.o(.text)
    TIM_ICStructInit                         0x080016c3   Thumb Code    18  stm32f10x_tim.o(.text)
    TIM_BDTRStructInit                       0x080016d5   Thumb Code    40  stm32f10x_tim.o(.text)
    TIM_Cmd                                  0x080016fd   Thumb Code    24  stm32f10x_tim.o(.text)
    TIM_CtrlPWMOutputs                       0x08001715   Thumb Code    30  stm32f10x_tim.o(.text)
    TIM_ITConfig                             0x08001733   Thumb Code    18  stm32f10x_tim.o(.text)
    TIM_GenerateEvent                        0x08001745   Thumb Code     4  stm32f10x_tim.o(.text)
    TIM_DMAConfig                            0x08001749   Thumb Code    10  stm32f10x_tim.o(.text)
    TIM_DMACmd                               0x08001753   Thumb Code    18  stm32f10x_tim.o(.text)
    TIM_InternalClockConfig                  0x08001765   Thumb Code    12  stm32f10x_tim.o(.text)
    TIM_SelectInputTrigger                   0x08001771   Thumb Code    18  stm32f10x_tim.o(.text)
    TIM_ITRxExternalClockConfig              0x08001783   Thumb Code    24  stm32f10x_tim.o(.text)
    TIM_TIxExternalClockConfig               0x0800179b   Thumb Code    62  stm32f10x_tim.o(.text)
    TIM_ETRConfig                            0x080017d9   Thumb Code    28  stm32f10x_tim.o(.text)
    TIM_ETRClockMode1Config                  0x080017f5   Thumb Code    54  stm32f10x_tim.o(.text)
    TIM_ETRClockMode2Config                  0x0800182b   Thumb Code    32  stm32f10x_tim.o(.text)
    TIM_PrescalerConfig                      0x0800184b   Thumb Code     6  stm32f10x_tim.o(.text)
    TIM_CounterModeConfig                    0x08001851   Thumb Code    18  stm32f10x_tim.o(.text)
    TIM_EncoderInterfaceConfig               0x08001863   Thumb Code    66  stm32f10x_tim.o(.text)
    TIM_ForcedOC1Config                      0x080018a5   Thumb Code    18  stm32f10x_tim.o(.text)
    TIM_ForcedOC2Config                      0x080018b7   Thumb Code    26  stm32f10x_tim.o(.text)
    TIM_ForcedOC3Config                      0x080018d1   Thumb Code    18  stm32f10x_tim.o(.text)
    TIM_ForcedOC4Config                      0x080018e3   Thumb Code    26  stm32f10x_tim.o(.text)
    TIM_ARRPreloadConfig                     0x080018fd   Thumb Code    24  stm32f10x_tim.o(.text)
    TIM_SelectCOM                            0x08001915   Thumb Code    24  stm32f10x_tim.o(.text)
    TIM_SelectCCDMA                          0x0800192d   Thumb Code    24  stm32f10x_tim.o(.text)
    TIM_CCPreloadControl                     0x08001945   Thumb Code    24  stm32f10x_tim.o(.text)
    TIM_OC1PreloadConfig                     0x0800195d   Thumb Code    18  stm32f10x_tim.o(.text)
    TIM_OC2PreloadConfig                     0x0800196f   Thumb Code    26  stm32f10x_tim.o(.text)
    TIM_OC3PreloadConfig                     0x08001989   Thumb Code    18  stm32f10x_tim.o(.text)
    TIM_OC4PreloadConfig                     0x0800199b   Thumb Code    26  stm32f10x_tim.o(.text)
    TIM_OC1FastConfig                        0x080019b5   Thumb Code    18  stm32f10x_tim.o(.text)
    TIM_OC2FastConfig                        0x080019c7   Thumb Code    26  stm32f10x_tim.o(.text)
    TIM_OC3FastConfig                        0x080019e1   Thumb Code    18  stm32f10x_tim.o(.text)
    TIM_OC4FastConfig                        0x080019f3   Thumb Code    26  stm32f10x_tim.o(.text)
    TIM_ClearOC1Ref                          0x08001a0d   Thumb Code    18  stm32f10x_tim.o(.text)
    TIM_ClearOC2Ref                          0x08001a1f   Thumb Code    24  stm32f10x_tim.o(.text)
    TIM_ClearOC3Ref                          0x08001a37   Thumb Code    18  stm32f10x_tim.o(.text)
    TIM_ClearOC4Ref                          0x08001a49   Thumb Code    24  stm32f10x_tim.o(.text)
    TIM_OC1PolarityConfig                    0x08001a61   Thumb Code    18  stm32f10x_tim.o(.text)
    TIM_OC1NPolarityConfig                   0x08001a73   Thumb Code    18  stm32f10x_tim.o(.text)
    TIM_OC2PolarityConfig                    0x08001a85   Thumb Code    26  stm32f10x_tim.o(.text)
    TIM_OC2NPolarityConfig                   0x08001a9f   Thumb Code    26  stm32f10x_tim.o(.text)
    TIM_OC3PolarityConfig                    0x08001ab9   Thumb Code    26  stm32f10x_tim.o(.text)
    TIM_OC3NPolarityConfig                   0x08001ad3   Thumb Code    26  stm32f10x_tim.o(.text)
    TIM_OC4PolarityConfig                    0x08001aed   Thumb Code    26  stm32f10x_tim.o(.text)
    TIM_CCxCmd                               0x08001b07   Thumb Code    30  stm32f10x_tim.o(.text)
    TIM_CCxNCmd                              0x08001b25   Thumb Code    30  stm32f10x_tim.o(.text)
    TIM_SelectOCxM                           0x08001b43   Thumb Code    82  stm32f10x_tim.o(.text)
    TIM_UpdateDisableConfig                  0x08001b95   Thumb Code    24  stm32f10x_tim.o(.text)
    TIM_UpdateRequestConfig                  0x08001bad   Thumb Code    24  stm32f10x_tim.o(.text)
    TIM_SelectHallSensor                     0x08001bc5   Thumb Code    24  stm32f10x_tim.o(.text)
    TIM_SelectOnePulseMode                   0x08001bdd   Thumb Code    18  stm32f10x_tim.o(.text)
    TIM_SelectOutputTrigger                  0x08001bef   Thumb Code    18  stm32f10x_tim.o(.text)
    TIM_SelectSlaveMode                      0x08001c01   Thumb Code    18  stm32f10x_tim.o(.text)
    TIM_SelectMasterSlaveMode                0x08001c13   Thumb Code    18  stm32f10x_tim.o(.text)
    TIM_SetCounter                           0x08001c25   Thumb Code     4  stm32f10x_tim.o(.text)
    TIM_SetAutoreload                        0x08001c29   Thumb Code     4  stm32f10x_tim.o(.text)
    TIM_SetCompare1                          0x08001c2d   Thumb Code     4  stm32f10x_tim.o(.text)
    TIM_SetCompare2                          0x08001c31   Thumb Code     4  stm32f10x_tim.o(.text)
    TIM_SetCompare3                          0x08001c35   Thumb Code     4  stm32f10x_tim.o(.text)
    TIM_SetCompare4                          0x08001c39   Thumb Code     6  stm32f10x_tim.o(.text)
    TIM_SetClockDivision                     0x08001c3f   Thumb Code    18  stm32f10x_tim.o(.text)
    TIM_GetCapture1                          0x08001c51   Thumb Code     6  stm32f10x_tim.o(.text)
    TIM_GetCapture2                          0x08001c57   Thumb Code     6  stm32f10x_tim.o(.text)
    TIM_GetCapture3                          0x08001c5d   Thumb Code     6  stm32f10x_tim.o(.text)
    TIM_GetCapture4                          0x08001c63   Thumb Code     8  stm32f10x_tim.o(.text)
    TIM_GetCounter                           0x08001c6b   Thumb Code     6  stm32f10x_tim.o(.text)
    TIM_GetPrescaler                         0x08001c71   Thumb Code     6  stm32f10x_tim.o(.text)
    TIM_GetFlagStatus                        0x08001c77   Thumb Code    18  stm32f10x_tim.o(.text)
    TIM_ClearFlag                            0x08001c89   Thumb Code     6  stm32f10x_tim.o(.text)
    TIM_GetITStatus                          0x08001c8f   Thumb Code    34  stm32f10x_tim.o(.text)
    TIM_ClearITPendingBit                    0x08001cb1   Thumb Code     6  stm32f10x_tim.o(.text)
    USART_DeInit                             0x08001cb9   Thumb Code   134  stm32f10x_usart.o(.text)
    USART_Init                               0x08001d3f   Thumb Code   210  stm32f10x_usart.o(.text)
    USART_StructInit                         0x08001e11   Thumb Code    24  stm32f10x_usart.o(.text)
    USART_ClockInit                          0x08001e29   Thumb Code    34  stm32f10x_usart.o(.text)
    USART_ClockStructInit                    0x08001e4b   Thumb Code    12  stm32f10x_usart.o(.text)
    USART_Cmd                                0x08001e57   Thumb Code    24  stm32f10x_usart.o(.text)
    USART_ITConfig                           0x08001e6f   Thumb Code    74  stm32f10x_usart.o(.text)
    USART_DMACmd                             0x08001eb9   Thumb Code    18  stm32f10x_usart.o(.text)
    USART_SetAddress                         0x08001ecb   Thumb Code    18  stm32f10x_usart.o(.text)
    USART_WakeUpConfig                       0x08001edd   Thumb Code    18  stm32f10x_usart.o(.text)
    USART_ReceiverWakeUpCmd                  0x08001eef   Thumb Code    24  stm32f10x_usart.o(.text)
    USART_LINBreakDetectLengthConfig         0x08001f07   Thumb Code    18  stm32f10x_usart.o(.text)
    USART_LINCmd                             0x08001f19   Thumb Code    24  stm32f10x_usart.o(.text)
    USART_SendData                           0x08001f31   Thumb Code     8  stm32f10x_usart.o(.text)
    USART_ReceiveData                        0x08001f39   Thumb Code    10  stm32f10x_usart.o(.text)
    USART_SendBreak                          0x08001f43   Thumb Code    10  stm32f10x_usart.o(.text)
    USART_SetGuardTime                       0x08001f4d   Thumb Code    16  stm32f10x_usart.o(.text)
    USART_SetPrescaler                       0x08001f5d   Thumb Code    16  stm32f10x_usart.o(.text)
    USART_SmartCardCmd                       0x08001f6d   Thumb Code    24  stm32f10x_usart.o(.text)
    USART_SmartCardNACKCmd                   0x08001f85   Thumb Code    24  stm32f10x_usart.o(.text)
    USART_HalfDuplexCmd                      0x08001f9d   Thumb Code    24  stm32f10x_usart.o(.text)
    USART_OverSampling8Cmd                   0x08001fb5   Thumb Code    22  stm32f10x_usart.o(.text)
    USART_OneBitMethodCmd                    0x08001fcb   Thumb Code    24  stm32f10x_usart.o(.text)
    USART_IrDAConfig                         0x08001fe3   Thumb Code    18  stm32f10x_usart.o(.text)
    USART_IrDACmd                            0x08001ff5   Thumb Code    24  stm32f10x_usart.o(.text)
    USART_GetFlagStatus                      0x0800200d   Thumb Code    26  stm32f10x_usart.o(.text)
    USART_ClearFlag                          0x08002027   Thumb Code    18  stm32f10x_usart.o(.text)
    USART_GetITStatus                        0x08002039   Thumb Code    84  stm32f10x_usart.o(.text)
    USART_ClearITPendingBit                  0x0800208d   Thumb Code    52  stm32f10x_usart.o(.text)
    SystemInit                               0x0800219f   Thumb Code    78  system_stm32f10x.o(.text)
    SystemCoreClockUpdate                    0x080021ed   Thumb Code   142  system_stm32f10x.o(.text)
    Reset_Handler                            0x080022a1   Thumb Code     8  startup_stm32f10x_md.o(.text)
    ADC1_2_IRQHandler                        0x080022bb   Thumb Code     0  startup_stm32f10x_md.o(.text)
    CAN1_RX1_IRQHandler                      0x080022bb   Thumb Code     0  startup_stm32f10x_md.o(.text)
    CAN1_SCE_IRQHandler                      0x080022bb   Thumb Code     0  startup_stm32f10x_md.o(.text)
    DMA1_Channel1_IRQHandler                 0x080022bb   Thumb Code     0  startup_stm32f10x_md.o(.text)
    DMA1_Channel2_IRQHandler                 0x080022bb   Thumb Code     0  startup_stm32f10x_md.o(.text)
    DMA1_Channel3_IRQHandler                 0x080022bb   Thumb Code     0  startup_stm32f10x_md.o(.text)
    DMA1_Channel4_IRQHandler                 0x080022bb   Thumb Code     0  startup_stm32f10x_md.o(.text)
    DMA1_Channel5_IRQHandler                 0x080022bb   Thumb Code     0  startup_stm32f10x_md.o(.text)
    DMA1_Channel6_IRQHandler                 0x080022bb   Thumb Code     0  startup_stm32f10x_md.o(.text)
    DMA1_Channel7_IRQHandler                 0x080022bb   Thumb Code     0  startup_stm32f10x_md.o(.text)
    EXTI0_IRQHandler                         0x080022bb   Thumb Code     0  startup_stm32f10x_md.o(.text)
    EXTI15_10_IRQHandler                     0x080022bb   Thumb Code     0  startup_stm32f10x_md.o(.text)
    EXTI1_IRQHandler                         0x080022bb   Thumb Code     0  startup_stm32f10x_md.o(.text)
    EXTI2_IRQHandler                         0x080022bb   Thumb Code     0  startup_stm32f10x_md.o(.text)
    EXTI3_IRQHandler                         0x080022bb   Thumb Code     0  startup_stm32f10x_md.o(.text)
    EXTI4_IRQHandler                         0x080022bb   Thumb Code     0  startup_stm32f10x_md.o(.text)
    EXTI9_5_IRQHandler                       0x080022bb   Thumb Code     0  startup_stm32f10x_md.o(.text)
    FLASH_IRQHandler                         0x080022bb   Thumb Code     0  startup_stm32f10x_md.o(.text)
    I2C1_ER_IRQHandler                       0x080022bb   Thumb Code     0  startup_stm32f10x_md.o(.text)
    I2C1_EV_IRQHandler                       0x080022bb   Thumb Code     0  startup_stm32f10x_md.o(.text)
    I2C2_ER_IRQHandler                       0x080022bb   Thumb Code     0  startup_stm32f10x_md.o(.text)
    I2C2_EV_IRQHandler                       0x080022bb   Thumb Code     0  startup_stm32f10x_md.o(.text)
    PVD_IRQHandler                           0x080022bb   Thumb Code     0  startup_stm32f10x_md.o(.text)
    RCC_IRQHandler                           0x080022bb   Thumb Code     0  startup_stm32f10x_md.o(.text)
    RTCAlarm_IRQHandler                      0x080022bb   Thumb Code     0  startup_stm32f10x_md.o(.text)
    RTC_IRQHandler                           0x080022bb   Thumb Code     0  startup_stm32f10x_md.o(.text)
    SPI1_IRQHandler                          0x080022bb   Thumb Code     0  startup_stm32f10x_md.o(.text)
    SPI2_IRQHandler                          0x080022bb   Thumb Code     0  startup_stm32f10x_md.o(.text)
    TAMPER_IRQHandler                        0x080022bb   Thumb Code     0  startup_stm32f10x_md.o(.text)
    TIM1_BRK_IRQHandler                      0x080022bb   Thumb Code     0  startup_stm32f10x_md.o(.text)
    TIM1_TRG_COM_IRQHandler                  0x080022bb   Thumb Code     0  startup_stm32f10x_md.o(.text)
    TIM3_IRQHandler                          0x080022bb   Thumb Code     0  startup_stm32f10x_md.o(.text)
    USART2_IRQHandler                        0x080022bb   Thumb Code     0  startup_stm32f10x_md.o(.text)
    USART3_IRQHandler                        0x080022bb   Thumb Code     0  startup_stm32f10x_md.o(.text)
    USBWakeUp_IRQHandler                     0x080022bb   Thumb Code     0  startup_stm32f10x_md.o(.text)
    USB_HP_CAN1_TX_IRQHandler                0x080022bb   Thumb Code     0  startup_stm32f10x_md.o(.text)
    USB_LP_CAN1_RX0_IRQHandler               0x080022bb   Thumb Code     0  startup_stm32f10x_md.o(.text)
    WWDG_IRQHandler                          0x080022bb   Thumb Code     0  startup_stm32f10x_md.o(.text)
    SWDConfig                                0x080022c5   Thumb Code    20  bsp.o(.text)
    LEDInit                                  0x080022d9   Thumb Code    40  bsp.o(.text)
    LEDToggle                                0x08002301   Thumb Code    42  bsp.o(.text)
    GetUniqueID                              0x0800232b   Thumb Code    24  bsp.o(.text)
    SetBlueToothName                         0x08002343   Thumb Code    46  bsp.o(.text)
    BspInit                                  0x08002371   Thumb Code    56  bsp.o(.text)
    MPU6050_Init                             0x080023d1   Thumb Code    78  mpu6050.o(.text)
    DataSynthesis                            0x0800241f   Thumb Code    32  mpu6050.o(.text)
    ReadAcceData                             0x0800243f   Thumb Code    48  mpu6050.o(.text)
    ReadGyroData                             0x0800246f   Thumb Code    48  mpu6050.o(.text)
    MPU6050_Pose                             0x0800249f   Thumb Code    34  mpu6050.o(.text)
    USART1Init                               0x080024d5   Thumb Code   162  usart.o(.text)
    USART3Init                               0x08002577   Thumb Code   186  usart.o(.text)
    Uart1SendByte                            0x08002631   Thumb Code    28  usart.o(.text)
    Uart1SendBuff                            0x0800264d   Thumb Code    28  usart.o(.text)
    Uart1SendStr                             0x08002669   Thumb Code    34  usart.o(.text)
    Uart3SendByte                            0x0800268b   Thumb Code    28  usart.o(.text)
    Uart3SendBuff                            0x080026a7   Thumb Code    28  usart.o(.text)
    Uart3SendStr                             0x080026c3   Thumb Code    34  usart.o(.text)
    i2cInit                                  0x0800290d   Thumb Code    42  i2c.o(.text)
    i2cWrite                                 0x08002937   Thumb Code    72  i2c.o(.text)
    i2cWriteBuffer                           0x0800297f   Thumb Code   100  i2c.o(.text)
    i2cRead                                  0x080029e3   Thumb Code   120  i2c.o(.text)
    i2cwrite                                 0x08002a5b   Thumb Code    38  i2c.o(.text)
    i2cread                                  0x08002a81   Thumb Code    38  i2c.o(.text)
    TIM1_Cap_Init                            0x08002aad   Thumb Code   188  ultrasonic.o(.text)
    Read_Distane                             0x08002b69   Thumb Code    96  ultrasonic.o(.text)
    TIM1_CC_IRQHandler                       0x08002bc9   Thumb Code   178  ultrasonic.o(.text)
    UltraSelfCheck                           0x08002c7b   Thumb Code    40  ultrasonic.o(.text)
    IsUltraOK                                0x08002ca3   Thumb Code     6  ultrasonic.o(.text)
    MOTOR_GPIO_Config                        0x08002cc1   Thumb Code    76  motor.o(.text)
    TIM3_PWM_Init                            0x08002de5   Thumb Code    16  motor.o(.text)
    TIM2_Encoder_Init                        0x08002df5   Thumb Code   256  motor.o(.text)
    TIM4_Encoder_Init                        0x08002ef5   Thumb Code   148  motor.o(.text)
    TIM2_IRQHandler                          0x08002f89   Thumb Code    12  motor.o(.text)
    TIM4_IRQHandler                          0x08002f95   Thumb Code    24  motor.o(.text)
    InfraredIOInit                           0x08002fc5   Thumb Code    56  infrare.o(.text)
    InfraredDetect                           0x08002ffd   Thumb Code    74  infrare.o(.text)
    InfrareSelfCheck                         0x08003047   Thumb Code    84  infrare.o(.text)
    IsInfrareOK                              0x0800309b   Thumb Code    14  infrare.o(.text)
    i2c2Init                                 0x080032cd   Thumb Code    42  i2c2.o(.text)
    i2c2Write                                0x080032f7   Thumb Code    72  i2c2.o(.text)
    i2c2WriteBuffer                          0x0800333f   Thumb Code   100  i2c2.o(.text)
    i2c2Read                                 0x080033a3   Thumb Code   120  i2c2.o(.text)
    i2c2write                                0x0800341b   Thumb Code    38  i2c2.o(.text)
    i2c2read                                 0x08003441   Thumb Code    38  i2c2.o(.text)
    Write_IIC_Command                        0x0800346d   Thumb Code    16  oled-iic.o(.text)
    Write_IIC_Data                           0x0800347d   Thumb Code    16  oled-iic.o(.text)
    OLED_WR_Byte                             0x0800348d   Thumb Code    24  oled-iic.o(.text)
    fill_picture                             0x080034a5   Thumb Code    64  oled-iic.o(.text)
    Delay_50ms                               0x080034e5   Thumb Code    22  oled-iic.o(.text)
    Delay_1ms                                0x080034fb   Thumb Code    26  oled-iic.o(.text)
    OLED_Set_Pos                             0x08003515   Thumb Code    40  oled-iic.o(.text)
    OLED_Display_On                          0x0800353d   Thumb Code    28  oled-iic.o(.text)
    OLED_Display_Off                         0x08003559   Thumb Code    28  oled-iic.o(.text)
    OLED_Clear                               0x08003575   Thumb Code    62  oled-iic.o(.text)
    OLED_On                                  0x080035b3   Thumb Code    62  oled-iic.o(.text)
    OLED_ShowChar                            0x080035f1   Thumb Code   154  oled-iic.o(.text)
    oled_pow                                 0x0800368b   Thumb Code    22  oled-iic.o(.text)
    OLED_ShowNum                             0x080036a1   Thumb Code   136  oled-iic.o(.text)
    OLED_ShowString                          0x08003729   Thumb Code    58  oled-iic.o(.text)
    OLED_ShowCHinese                         0x08003763   Thumb Code    98  oled-iic.o(.text)
    OLED_DrawBMP                             0x080037c5   Thumb Code   118  oled-iic.o(.text)
    OLED_Init                                0x0800383b   Thumb Code   220  oled-iic.o(.text)
    SoftTimerCountDown                       0x08003925   Thumb Code    38  systick.o(.text)
    SysTick_Init                             0x0800394b   Thumb Code   112  systick.o(.text)
    SecTask                                  0x080039cd   Thumb Code    50  main.o(.text)
    main                                     0x080039ff   Thumb Code    68  main.o(.text)
    NMI_Handler                              0x08003a59   Thumb Code     2  stm32f10x_it.o(.text)
    HardFault_Handler                        0x08003a5b   Thumb Code     4  stm32f10x_it.o(.text)
    MemManage_Handler                        0x08003a5f   Thumb Code     4  stm32f10x_it.o(.text)
    BusFault_Handler                         0x08003a63   Thumb Code     4  stm32f10x_it.o(.text)
    UsageFault_Handler                       0x08003a67   Thumb Code     4  stm32f10x_it.o(.text)
    SVC_Handler                              0x08003a6b   Thumb Code     2  stm32f10x_it.o(.text)
    DebugMon_Handler                         0x08003a6d   Thumb Code     2  stm32f10x_it.o(.text)
    PendSV_Handler                           0x08003a6f   Thumb Code     2  stm32f10x_it.o(.text)
    TIM1_UP_IRQHandler                       0x08003a71   Thumb Code     2  stm32f10x_it.o(.text)
    SysTick_Handler                          0x08003a73   Thumb Code   142  stm32f10x_it.o(.text)
    USART1_IRQHandler                        0x08003b01   Thumb Code    64  stm32f10x_it.o(.text)
    delay_us                                 0x08003b59   Thumb Code    26  common.o(.text)
    delay_ms                                 0x08003b73   Thumb Code    24  common.o(.text)
    get_ms                                   0x08003b8b   Thumb Code     2  common.o(.text)
    XOR_Get                                  0x08003b8d   Thumb Code    28  common.o(.text)
    XOR_Check                                0x08003ba9   Thumb Code    32  common.o(.text)
    Sum_Get                                  0x08003bc9   Thumb Code    28  common.o(.text)
    CRC16Calculate                           0x08003be5   Thumb Code    58  common.o(.text)
    ResponseIMU                              0x08003c21   Thumb Code    96  communicate.o(.text)
    ResponsePID                              0x08003c81   Thumb Code   142  communicate.o(.text)
    ResponseInfo                             0x08003d0f   Thumb Code    30  communicate.o(.text)
    ResponseStatus                           0x08003d2d   Thumb Code    36  communicate.o(.text)
    Parse                                    0x08003d51   Thumb Code  1126  communicate.o(.text)
    ParseAT                                  0x080041b7   Thumb Code    66  communicate.o(.text)
    LSpeedInnerControl                       0x08004229   Thumb Code   124  control.o(.text)
    RSpeedInnerControl                       0x080042a5   Thumb Code   124  control.o(.text)
    CarUpstandInit                           0x08004321   Thumb Code   100  control.o(.text)
    AbnormalSpinDetect                       0x08004385   Thumb Code   132  control.o(.text)
    LandingDetect                            0x08004409   Thumb Code   182  control.o(.text)
    MotorManage                              0x080044bf   Thumb Code   106  control.o(.text)
    SetMotorVoltageAndDirection              0x08004529   Thumb Code   148  control.o(.text)
    MotorOutput                              0x080045bd   Thumb Code   472  control.o(.text)
    GetMotorPulse                            0x08004795   Thumb Code   104  control.o(.text)
    AngleCalculate                           0x080047fd   Thumb Code   266  control.o(.text)
    AngleControl                             0x08004907   Thumb Code   126  control.o(.text)
    SpeedControl                             0x08004985   Thumb Code   296  control.o(.text)
    SpeedControlOutput                       0x08004aad   Thumb Code   262  control.o(.text)
    Scale                                    0x08004bb3   Thumb Code   150  control.o(.text)
    Steer                                    0x08004c49   Thumb Code   120  control.o(.text)
    UltraControl                             0x08004cc1   Thumb Code   140  control.o(.text)
    TailingControl                           0x08004d4d   Thumb Code    90  control.o(.text)
    ProgramFlash                             0x08004de9   Thumb Code   108  dataflash.o(.text)
    ReadFlash                                0x08004e55   Thumb Code    28  dataflash.o(.text)
    PIDRead                                  0x08004e71   Thumb Code    84  dataflash.o(.text)
    PIDInit                                  0x08004ec5   Thumb Code    78  dataflash.o(.text)
    PIDWrite                                 0x08004f13   Thumb Code    54  dataflash.o(.text)
    PIDReset                                 0x08004f49   Thumb Code    54  dataflash.o(.text)
    ShowHomePageInit                         0x08004f91   Thumb Code    44  display.o(.text)
    ShowHomePage                             0x08004fbd   Thumb Code   194  display.o(.text)
    __aeabi_memset                           0x080050f1   Thumb Code    14  memseta.o(.text)
    __aeabi_memset4                          0x080050f1   Thumb Code     0  memseta.o(.text)
    __aeabi_memset8                          0x080050f1   Thumb Code     0  memseta.o(.text)
    __aeabi_memclr                           0x080050ff   Thumb Code     4  memseta.o(.text)
    __aeabi_memclr4                          0x080050ff   Thumb Code     0  memseta.o(.text)
    __aeabi_memclr8                          0x080050ff   Thumb Code     0  memseta.o(.text)
    _memset$wrapper                          0x08005103   Thumb Code    18  memseta.o(.text)
    strstr                                   0x08005115   Thumb Code    36  strstr.o(.text)
    strlen                                   0x08005139   Thumb Code    14  strlen.o(.text)
    strtok                                   0x08005149   Thumb Code    62  strtok.o(.text)
    __aeabi_fadd                             0x0800518d   Thumb Code   164  fadd.o(.text)
    __aeabi_fsub                             0x08005231   Thumb Code     6  fadd.o(.text)
    __aeabi_frsub                            0x08005237   Thumb Code     6  fadd.o(.text)
    __aeabi_fmul                             0x0800523d   Thumb Code   100  fmul.o(.text)
    __aeabi_fdiv                             0x080052a1   Thumb Code   124  fdiv.o(.text)
    __aeabi_dadd                             0x0800531d   Thumb Code   322  dadd.o(.text)
    __aeabi_dsub                             0x0800545f   Thumb Code     6  dadd.o(.text)
    __aeabi_drsub                            0x08005465   Thumb Code     6  dadd.o(.text)
    __aeabi_dmul                             0x0800546b   Thumb Code   228  dmul.o(.text)
    __aeabi_ddiv                             0x0800554f   Thumb Code   222  ddiv.o(.text)
    __aeabi_i2f                              0x0800562d   Thumb Code    18  fflti.o(.text)
    __aeabi_i2d                              0x0800563f   Thumb Code    34  dflti.o(.text)
    __aeabi_f2iz                             0x08005661   Thumb Code    50  ffixi.o(.text)
    __aeabi_d2iz                             0x08005693   Thumb Code    62  dfixi.o(.text)
    __aeabi_d2uiz                            0x080056d1   Thumb Code    50  dfixui.o(.text)
    __aeabi_f2d                              0x08005703   Thumb Code    38  f2d.o(.text)
    __aeabi_cdcmpeq                          0x08005729   Thumb Code     0  cdcmple.o(.text)
    __aeabi_cdcmple                          0x08005729   Thumb Code    48  cdcmple.o(.text)
    __aeabi_cdrcmple                         0x08005759   Thumb Code    48  cdrcmple.o(.text)
    __aeabi_d2f                              0x08005789   Thumb Code    56  d2f.o(.text)
    __aeabi_cfcmpeq                          0x080057c1   Thumb Code     0  cfcmple.o(.text)
    __aeabi_cfcmple                          0x080057c1   Thumb Code    20  cfcmple.o(.text)
    __aeabi_cfrcmple                         0x080057d5   Thumb Code    20  cfrcmple.o(.text)
    __aeabi_uidiv                            0x080057e9   Thumb Code     0  uidiv.o(.text)
    __aeabi_uidivmod                         0x080057e9   Thumb Code    44  uidiv.o(.text)
    __aeabi_uldivmod                         0x08005815   Thumb Code    98  uldiv.o(.text)
    __aeabi_llsl                             0x08005877   Thumb Code    30  llshl.o(.text)
    _ll_shift_l                              0x08005877   Thumb Code     0  llshl.o(.text)
    __aeabi_llsr                             0x08005895   Thumb Code    32  llushr.o(.text)
    _ll_ushift_r                             0x08005895   Thumb Code     0  llushr.o(.text)
    __aeabi_lasr                             0x080058b5   Thumb Code    36  llsshr.o(.text)
    _ll_sshift_r                             0x080058b5   Thumb Code     0  llsshr.o(.text)
    __strtod_int                             0x0800590f   Thumb Code    90  strtod.o(.text)
    __I$use$fp                               0x08005975   Thumb Code     0  iusefp.o(.text)
    _float_round                             0x08005975   Thumb Code    18  fepilogue.o(.text)
    _float_epilogue                          0x08005987   Thumb Code    92  fepilogue.o(.text)
    _double_round                            0x080059e3   Thumb Code    30  depilogue.o(.text)
    _double_epilogue                         0x08005a01   Thumb Code   156  depilogue.o(.text)
    __aeabi_d2ulz                            0x08005a9d   Thumb Code    48  dfixul.o(.text)
    __scatterload                            0x08005acd   Thumb Code    28  init.o(.text)
    __scatterload_rt2                        0x08005acd   Thumb Code     0  init.o(.text)
    isspace                                  0x08005af1   Thumb Code    10  isspace_c.o(.text)
    _scanf_real                              0x08005c25   Thumb Code     0  scanf_fp.o(.text)
    _scanf_really_real                       0x08005c25   Thumb Code   556  scanf_fp.o(.text)
    _sgetc                                   0x08005e5d   Thumb Code    30  _sgetc.o(.text)
    _sbackspace                              0x08005e7b   Thumb Code    34  _sgetc.o(.text)
    __ARM_scalbn                             0x08005e9d   Thumb Code    46  dscalb.o(.text)
    scalbn                                   0x08005e9d   Thumb Code     0  dscalb.o(.text)
    __ctype_lookup                           0x08005ecd   Thumb Code    34  ctype_c.o(.text)
    __aeabi_ul2d                             0x08005ef5   Thumb Code    24  dfltul.o(.text)
    __decompress                             0x08005f0d   Thumb Code     0  __dczerorl2.o(.text)
    __decompress1                            0x08005f0d   Thumb Code    86  __dczerorl2.o(.text)
    __0snprintf                              0x08005f65   Thumb Code    48  printfa.o(i.__0snprintf)
    __1snprintf                              0x08005f65   Thumb Code     0  printfa.o(i.__0snprintf)
    __2snprintf                              0x08005f65   Thumb Code     0  printfa.o(i.__0snprintf)
    __c89snprintf                            0x08005f65   Thumb Code     0  printfa.o(i.__0snprintf)
    snprintf                                 0x08005f65   Thumb Code     0  printfa.o(i.__0snprintf)
    __0sprintf                               0x08005f99   Thumb Code    34  printfa.o(i.__0sprintf)
    __1sprintf                               0x08005f99   Thumb Code     0  printfa.o(i.__0sprintf)
    __2sprintf                               0x08005f99   Thumb Code     0  printfa.o(i.__0sprintf)
    __c89sprintf                             0x08005f99   Thumb Code     0  printfa.o(i.__0sprintf)
    sprintf                                  0x08005f99   Thumb Code     0  printfa.o(i.__0sprintf)
    __ARM_fpclassify                         0x08005fc1   Thumb Code    40  fpclassify.o(i.__ARM_fpclassify)
    __kernel_poly                            0x08005fe9   Thumb Code   170  poly.o(i.__kernel_poly)
    __mathlib_dbl_infnan                     0x08006093   Thumb Code     6  dunder.o(i.__mathlib_dbl_infnan)
    __mathlib_dbl_infnan2                    0x08006099   Thumb Code     4  dunder.o(i.__mathlib_dbl_infnan2)
    __mathlib_dbl_underflow                  0x0800609d   Thumb Code    10  dunder.o(i.__mathlib_dbl_underflow)
    __read_errno                             0x080060ad   Thumb Code     6  errno.o(i.__read_errno)
    __scatterload_copy                       0x080060b9   Thumb Code    14  handlers.o(i.__scatterload_copy)
    __scatterload_null                       0x080060c7   Thumb Code     2  handlers.o(i.__scatterload_null)
    __scatterload_zeroinit                   0x080060c9   Thumb Code    14  handlers.o(i.__scatterload_zeroinit)
    __set_errno                              0x080060d9   Thumb Code     6  errno.o(i.__set_errno)
    _is_digit                                0x08006269   Thumb Code    14  scanf_fp.o(i._is_digit)
    atan                                     0x080069a1   Thumb Code   474  atan.o(i.atan)
    atan2                                    0x08006bc1   Thumb Code   374  atan2.o(i.atan2)
    atof                                     0x08006d5d   Thumb Code    42  atof.o(i.atof)
    F6x8                                     0x08006d86   Data         552  oled-iic.o(.constdata)
    F8X16                                    0x08006fae   Data        1520  oled-iic.o(.constdata)
    FirmwareVer                              0x0800759e   Data           6  manage.o(.constdata)
    EEPROMVer                                0x080075a4   Data           6  manage.o(.constdata)
    MCUVer                                   0x080075aa   Data           9  manage.o(.constdata)
    __mathlib_zero                           0x08007650   Data           8  qnan.o(.constdata)
    __ctype_categories                       0x08007658   Data          64  ctype_c.o(.constdata)
    Region$$Table$$Base                      0x08007698   Number         0  anon$$obj.o(Region$$Table)
    Region$$Table$$Limit                     0x080076b8   Number         0  anon$$obj.o(Region$$Table)
    SystemCoreClock                          0x20000014   Data           4  system_stm32f10x.o(.data)
    AHBPrescTable                            0x20000018   Data          16  system_stm32f10x.o(.data)
    g_fGyro_x                                0x2000002a   Data           2  mpu6050.o(.data)
    g_fAccel_y                               0x2000002c   Data           2  mpu6050.o(.data)
    g_fAccel_z                               0x2000002e   Data           2  mpu6050.o(.data)
    Uart1Index                               0x20000030   Data           1  usart.o(.data)
    TIM1CH4_CAPTURE_STA                      0x20000034   Data           4  ultrasonic.o(.data)
    TIM1CH4_CAPTURE_VAL                      0x20000038   Data           4  ultrasonic.o(.data)
    Distance                                 0x2000003c   Data           4  ultrasonic.o(.data)
    UltraError                               0x20000040   Data           4  ultrasonic.o(.data)
    Hzk                                      0x20000045   Data         256  oled-iic.o(.data)
    StatusFlag                               0x20000145   Data           1  communicate.o(.data)
    g_u8MainEventCount                       0x20000148   Data           1  control.o(.data)
    g_u8SpeedControlCount                    0x20000149   Data           1  control.o(.data)
    g_u8SpeedControlPeriod                   0x2000014a   Data           1  control.o(.data)
    g_u8DirectionControlPeriod               0x2000014b   Data           1  control.o(.data)
    g_u8DirectionControlCount                0x2000014c   Data           1  control.o(.data)
    g_cMotorDisable                          0x2000014d   Data           1  control.o(.data)
    g_iGravity_Offset                        0x20000150   Data           4  control.o(.data)
    g_fSpeedControlOut                       0x20000154   Data           4  control.o(.data)
    g_fSpeedControlOutOld                    0x20000158   Data           4  control.o(.data)
    g_fSpeedControlOutNew                    0x2000015c   Data           4  control.o(.data)
    g_fAngleControlOut                       0x20000160   Data           4  control.o(.data)
    g_fLeftMotorOut                          0x20000164   Data           4  control.o(.data)
    g_fRightMotorOut                         0x20000168   Data           4  control.o(.data)
    g_s16LeftMotorPulse                      0x2000016c   Data           2  control.o(.data)
    g_s16RightMotorPulse                     0x2000016e   Data           2  control.o(.data)
    g_s32LeftMotorPulseOld                   0x20000170   Data           4  control.o(.data)
    g_s32RightMotorPulseOld                  0x20000174   Data           4  control.o(.data)
    g_s32LeftMotorPulseSigma                 0x20000178   Data           4  control.o(.data)
    g_s32RightMotorPulseSigma                0x2000017c   Data           4  control.o(.data)
    g_fCarSpeed                              0x20000180   Data           4  control.o(.data)
    g_iCarSpeedSet                           0x20000184   Data           4  control.o(.data)
    g_fCarSpeedOld                           0x20000188   Data           4  control.o(.data)
    g_fCarPosition                           0x2000018c   Data           4  control.o(.data)
    g_tCarAnglePID                           0x20000190   Data          12  control.o(.data)
    g_tCarSpeedPID                           0x2000019c   Data          12  control.o(.data)
    g_fBluetoothSpeed                        0x200001a8   Data           4  control.o(.data)
    g_fBluetoothDirection                    0x200001ac   Data           4  control.o(.data)
    g_fBluetoothDirectionOld                 0x200001b0   Data           4  control.o(.data)
    g_fBluetoothDirectionNew                 0x200001b4   Data           4  control.o(.data)
    g_fBluetoothDirectionOut                 0x200001b8   Data           4  control.o(.data)
    g_fCarAngle                              0x200001bc   Data           4  control.o(.data)
    g_fGyroAngleSpeed                        0x200001c0   Data           4  control.o(.data)
    g_fGravityAngle                          0x200001c4   Data           4  control.o(.data)
    g_iLeftTurnRoundCnt                      0x200001c8   Data           4  control.o(.data)
    g_iRightTurnRoundCnt                     0x200001cc   Data           4  control.o(.data)
    g_nSpeedTarget                           0x200001d4   Data           4  control.o(.data)
    g_nLSpeedpwm                             0x200001d8   Data           4  control.o(.data)
    g_nRSpeedpwm                             0x200001dc   Data           4  control.o(.data)
    LOGO                                     0x20000204   Data        1024  display.o(.data)
    g_RunTime                                0x20000606   Data           2  manage.o(.data)
    g_BatVolt                                0x20000608   Data           2  manage.o(.data)
    g_CarRunningMode                         0x2000060a   Data           1  manage.o(.data)
    Uart1Buffer                              0x20000614   Data         128  usart.o(.bss)
    SoftTimer                                0x20000694   Data          10  systick.o(.bss)
    __initial_sp                             0x20000b20   Data           0  startup_stm32f10x_md.o(STACK)



==============================================================================

Memory Map of the image

  Image Entry point : 0x080000ed

  Load Region LR_IROM1 (Base: 0x08000000, Size: 0x00007ccc, Max: 0x00010000, ABSOLUTE, COMPRESSED[0x00007884])

    Execution Region ER_IROM1 (Exec base: 0x08000000, Load base: 0x08000000, Size: 0x000076b8, Max: 0x00010000, ABSOLUTE)

    Exec Addr    Load Addr    Size         Type   Attr      Idx    E Section Name        Object

    0x08000000   0x08000000   0x000000ec   Data   RO          398    RESET               startup_stm32f10x_md.o
    0x080000ec   0x080000ec   0x00000000   Code   RO          850  * .ARM.Collect$$$$00000000  mc_w.l(entry.o)
    0x080000ec   0x080000ec   0x00000004   Code   RO         1189    .ARM.Collect$$$$00000001  mc_w.l(entry2.o)
    0x080000f0   0x080000f0   0x00000004   Code   RO         1192    .ARM.Collect$$$$00000004  mc_w.l(entry5.o)
    0x080000f4   0x080000f4   0x00000000   Code   RO         1194    .ARM.Collect$$$$00000008  mc_w.l(entry7b.o)
    0x080000f4   0x080000f4   0x00000000   Code   RO         1196    .ARM.Collect$$$$0000000A  mc_w.l(entry8b.o)
    0x080000f4   0x080000f4   0x00000008   Code   RO         1197    .ARM.Collect$$$$0000000B  mc_w.l(entry9a.o)
    0x080000fc   0x080000fc   0x00000004   Code   RO         1204    .ARM.Collect$$$$0000000E  mc_w.l(entry12b.o)
    0x08000100   0x08000100   0x00000000   Code   RO         1199    .ARM.Collect$$$$0000000F  mc_w.l(entry10a.o)
    0x08000100   0x08000100   0x00000000   Code   RO         1201    .ARM.Collect$$$$00000011  mc_w.l(entry11a.o)
    0x08000100   0x08000100   0x00000004   Code   RO         1190    .ARM.Collect$$$$00002712  mc_w.l(entry2.o)
    0x08000104   0x08000104   0x000000dc   Code   RO            1    .text               misc.o
    0x080001e0   0x080001e0   0x000005bc   Code   RO          185    .text               stm32f10x_flash.o
    0x0800079c   0x0800079c   0x0000035c   Code   RO          215    .text               stm32f10x_gpio.o
    0x08000af8   0x08000af8   0x000003a4   Code   RO          269    .text               stm32f10x_rcc.o
    0x08000e9c   0x08000e9c   0x00000e1a   Code   RO          328    .text               stm32f10x_tim.o
    0x08001cb6   0x08001cb6   0x00000002   PAD
    0x08001cb8   0x08001cb8   0x00000408   Code   RO          340    .text               stm32f10x_usart.o
    0x080020c0   0x080020c0   0x000001e0   Code   RO          378    .text               system_stm32f10x.o
    0x080022a0   0x080022a0   0x00000024   Code   RO          399    .text               startup_stm32f10x_md.o
    0x080022c4   0x080022c4   0x0000010c   Code   RO          403    .text               bsp.o
    0x080023d0   0x080023d0   0x00000104   Code   RO          459    .text               mpu6050.o
    0x080024d4   0x080024d4   0x00000220   Code   RO          486    .text               usart.o
    0x080026f4   0x080026f4   0x000003b8   Code   RO          511    .text               i2c.o
    0x08002aac   0x08002aac   0x00000214   Code   RO          523    .text               ultrasonic.o
    0x08002cc0   0x08002cc0   0x00000304   Code   RO          541    .text               motor.o
    0x08002fc4   0x08002fc4   0x000000f0   Code   RO          553    .text               infrare.o
    0x080030b4   0x080030b4   0x000003b8   Code   RO          587    .text               i2c2.o
    0x0800346c   0x0800346c   0x000004b8   Code   RO          599    .text               oled-iic.o
    0x08003924   0x08003924   0x000000a8   Code   RO          649    .text               systick.o
    0x080039cc   0x080039cc   0x0000008c   Code   RO          671    .text               main.o
    0x08003a58   0x08003a58   0x00000100   Code   RO          701    .text               stm32f10x_it.o
    0x08003b58   0x08003b58   0x000000c6   Code   RO          720    .text               common.o
    0x08003c1e   0x08003c1e   0x00000002   PAD
    0x08003c20   0x08003c20   0x00000608   Code   RO          732    .text               communicate.o
    0x08004228   0x08004228   0x00000bc0   Code   RO          757    .text               control.o
    0x08004de8   0x08004de8   0x000001a8   Code   RO          789    .text               dataflash.o
    0x08004f90   0x08004f90   0x00000160   Code   RO          803    .text               display.o
    0x080050f0   0x080050f0   0x00000024   Code   RO          853    .text               mc_w.l(memseta.o)
    0x08005114   0x08005114   0x00000024   Code   RO          855    .text               mc_w.l(strstr.o)
    0x08005138   0x08005138   0x0000000e   Code   RO          857    .text               mc_w.l(strlen.o)
    0x08005146   0x08005146   0x00000002   PAD
    0x08005148   0x08005148   0x00000044   Code   RO          859    .text               mc_w.l(strtok.o)
    0x0800518c   0x0800518c   0x000000b0   Code   RO         1126    .text               mf_w.l(fadd.o)
    0x0800523c   0x0800523c   0x00000064   Code   RO         1128    .text               mf_w.l(fmul.o)
    0x080052a0   0x080052a0   0x0000007c   Code   RO         1130    .text               mf_w.l(fdiv.o)
    0x0800531c   0x0800531c   0x0000014e   Code   RO         1132    .text               mf_w.l(dadd.o)
    0x0800546a   0x0800546a   0x000000e4   Code   RO         1134    .text               mf_w.l(dmul.o)
    0x0800554e   0x0800554e   0x000000de   Code   RO         1136    .text               mf_w.l(ddiv.o)
    0x0800562c   0x0800562c   0x00000012   Code   RO         1138    .text               mf_w.l(fflti.o)
    0x0800563e   0x0800563e   0x00000022   Code   RO         1140    .text               mf_w.l(dflti.o)
    0x08005660   0x08005660   0x00000032   Code   RO         1144    .text               mf_w.l(ffixi.o)
    0x08005692   0x08005692   0x0000003e   Code   RO         1148    .text               mf_w.l(dfixi.o)
    0x080056d0   0x080056d0   0x00000032   Code   RO         1150    .text               mf_w.l(dfixui.o)
    0x08005702   0x08005702   0x00000026   Code   RO         1152    .text               mf_w.l(f2d.o)
    0x08005728   0x08005728   0x00000030   Code   RO         1154    .text               mf_w.l(cdcmple.o)
    0x08005758   0x08005758   0x00000030   Code   RO         1156    .text               mf_w.l(cdrcmple.o)
    0x08005788   0x08005788   0x00000038   Code   RO         1158    .text               mf_w.l(d2f.o)
    0x080057c0   0x080057c0   0x00000014   Code   RO         1160    .text               mf_w.l(cfcmple.o)
    0x080057d4   0x080057d4   0x00000014   Code   RO         1162    .text               mf_w.l(cfrcmple.o)
    0x080057e8   0x080057e8   0x0000002c   Code   RO         1208    .text               mc_w.l(uidiv.o)
    0x08005814   0x08005814   0x00000062   Code   RO         1210    .text               mc_w.l(uldiv.o)
    0x08005876   0x08005876   0x0000001e   Code   RO         1212    .text               mc_w.l(llshl.o)
    0x08005894   0x08005894   0x00000020   Code   RO         1214    .text               mc_w.l(llushr.o)
    0x080058b4   0x080058b4   0x00000024   Code   RO         1216    .text               mc_w.l(llsshr.o)
    0x080058d8   0x080058d8   0x0000009c   Code   RO         1225    .text               mc_w.l(strtod.o)
    0x08005974   0x08005974   0x00000000   Code   RO         1227    .text               mc_w.l(iusefp.o)
    0x08005974   0x08005974   0x0000006e   Code   RO         1228    .text               mf_w.l(fepilogue.o)
    0x080059e2   0x080059e2   0x000000ba   Code   RO         1230    .text               mf_w.l(depilogue.o)
    0x08005a9c   0x08005a9c   0x00000030   Code   RO         1232    .text               mf_w.l(dfixul.o)
    0x08005acc   0x08005acc   0x00000024   Code   RO         1238    .text               mc_w.l(init.o)
    0x08005af0   0x08005af0   0x0000000a   Code   RO         1241    .text               mc_w.l(isspace_c.o)
    0x08005afa   0x08005afa   0x00000002   PAD
    0x08005afc   0x08005afc   0x00000360   Code   RO         1243    .text               mc_w.l(scanf_fp.o)
    0x08005e5c   0x08005e5c   0x00000040   Code   RO         1247    .text               mc_w.l(_sgetc.o)
    0x08005e9c   0x08005e9c   0x0000002e   Code   RO         1250    .text               mf_w.l(dscalb.o)
    0x08005eca   0x08005eca   0x00000002   PAD
    0x08005ecc   0x08005ecc   0x00000028   Code   RO         1252    .text               mc_w.l(ctype_c.o)
    0x08005ef4   0x08005ef4   0x00000018   Code   RO         1255    .text               mf_w.l(dfltul.o)
    0x08005f0c   0x08005f0c   0x00000056   Code   RO         1265    .text               mc_w.l(__dczerorl2.o)
    0x08005f62   0x08005f62   0x00000002   PAD
    0x08005f64   0x08005f64   0x00000034   Code   RO         1099    i.__0snprintf       mc_w.l(printfa.o)
    0x08005f98   0x08005f98   0x00000028   Code   RO         1100    i.__0sprintf        mc_w.l(printfa.o)
    0x08005fc0   0x08005fc0   0x00000028   Code   RO         1234    i.__ARM_fpclassify  m_ws.l(fpclassify.o)
    0x08005fe8   0x08005fe8   0x000000aa   Code   RO         1236    i.__kernel_poly     m_ws.l(poly.o)
    0x08006092   0x08006092   0x00000006   Code   RO         1175    i.__mathlib_dbl_infnan  m_ws.l(dunder.o)
    0x08006098   0x08006098   0x00000004   Code   RO         1176    i.__mathlib_dbl_infnan2  m_ws.l(dunder.o)
    0x0800609c   0x0800609c   0x00000010   Code   RO         1180    i.__mathlib_dbl_underflow  m_ws.l(dunder.o)
    0x080060ac   0x080060ac   0x0000000c   Code   RO         1219    i.__read_errno      mc_w.l(errno.o)
    0x080060b8   0x080060b8   0x0000000e   Code   RO         1259    i.__scatterload_copy  mc_w.l(handlers.o)
    0x080060c6   0x080060c6   0x00000002   Code   RO         1260    i.__scatterload_null  mc_w.l(handlers.o)
    0x080060c8   0x080060c8   0x0000000e   Code   RO         1261    i.__scatterload_zeroinit  mc_w.l(handlers.o)
    0x080060d6   0x080060d6   0x00000002   PAD
    0x080060d8   0x080060d8   0x0000000c   Code   RO         1220    i.__set_errno       mc_w.l(errno.o)
    0x080060e4   0x080060e4   0x00000184   Code   RO         1105    i._fp_digits        mc_w.l(printfa.o)
    0x08006268   0x08006268   0x0000000e   Code   RO         1245    i._is_digit         mc_w.l(scanf_fp.o)
    0x08006276   0x08006276   0x00000002   PAD
    0x08006278   0x08006278   0x000006b4   Code   RO         1106    i._printf_core      mc_w.l(printfa.o)
    0x0800692c   0x0800692c   0x00000024   Code   RO         1107    i._printf_post_padding  mc_w.l(printfa.o)
    0x08006950   0x08006950   0x0000002e   Code   RO         1108    i._printf_pre_padding  mc_w.l(printfa.o)
    0x0800697e   0x0800697e   0x00000016   Code   RO         1109    i._snputc           mc_w.l(printfa.o)
    0x08006994   0x08006994   0x0000000a   Code   RO         1110    i._sputc            mc_w.l(printfa.o)
    0x0800699e   0x0800699e   0x00000002   PAD
    0x080069a0   0x080069a0   0x00000220   Code   RO         1165    i.atan              m_ws.l(atan.o)
    0x08006bc0   0x08006bc0   0x0000019c   Code   RO          839    i.atan2             m_ws.l(atan2.o)
    0x08006d5c   0x08006d5c   0x0000002a   Code   RO          847    i.atof              m_ws.l(atof.o)
    0x08006d86   0x08006d86   0x00000818   Data   RO          600    .constdata          oled-iic.o
    0x0800759e   0x0800759e   0x00000015   Data   RO          825    .constdata          manage.o
    0x080075b3   0x080075b3   0x00000005   PAD
    0x080075b8   0x080075b8   0x00000098   Data   RO         1166    .constdata          m_ws.l(atan.o)
    0x08007650   0x08007650   0x00000008   Data   RO         1188    .constdata          m_ws.l(qnan.o)
    0x08007658   0x08007658   0x00000040   Data   RO         1253    .constdata          mc_w.l(ctype_c.o)
    0x08007698   0x08007698   0x00000020   Data   RO         1257    Region$$Table       anon$$obj.o


    Execution Region RW_IRAM1 (Exec base: 0x20000000, Load base: 0x080076b8, Size: 0x00000b20, Max: 0x00005000, ABSOLUTE, COMPRESSED[0x000001cc])

    Exec Addr    Load Addr    Size         Type   Attr      Idx    E Section Name        Object

    0x20000000   COMPRESSED   0x00000014   Data   RW          270    .data               stm32f10x_rcc.o
    0x20000014   COMPRESSED   0x00000014   Data   RW          379    .data               system_stm32f10x.o
    0x20000028   COMPRESSED   0x00000001   Data   RW          404    .data               bsp.o
    0x20000029   COMPRESSED   0x00000001   PAD
    0x2000002a   COMPRESSED   0x00000006   Data   RW          460    .data               mpu6050.o
    0x20000030   COMPRESSED   0x00000001   Data   RW          488    .data               usart.o
    0x20000031   COMPRESSED   0x00000003   PAD
    0x20000034   COMPRESSED   0x00000010   Data   RW          524    .data               ultrasonic.o
    0x20000044   COMPRESSED   0x00000001   Data   RW          554    .data               infrare.o
    0x20000045   COMPRESSED   0x00000100   Data   RW          601    .data               oled-iic.o
    0x20000145   COMPRESSED   0x00000001   Data   RW          733    .data               communicate.o
    0x20000146   COMPRESSED   0x00000002   PAD
    0x20000148   COMPRESSED   0x000000bc   Data   RW          758    .data               control.o
    0x20000204   COMPRESSED   0x00000401   Data   RW          804    .data               display.o
    0x20000605   COMPRESSED   0x00000001   PAD
    0x20000606   COMPRESSED   0x00000005   Data   RW          826    .data               manage.o
    0x2000060b   COMPRESSED   0x00000001   PAD
    0x2000060c   COMPRESSED   0x00000004   Data   RW          860    .data               mc_w.l(strtok.o)
    0x20000610   COMPRESSED   0x00000004   Data   RW         1221    .data               mc_w.l(errno.o)
    0x20000614        -       0x00000080   Zero   RW          487    .bss                usart.o
    0x20000694        -       0x0000000a   Zero   RW          650    .bss                systick.o
    0x2000069e        -       0x00000080   Zero   RW          790    .bss                dataflash.o
    0x2000071e   COMPRESSED   0x00000002   PAD
    0x20000720        -       0x00000400   Zero   RW          396    STACK               startup_stm32f10x_md.o


==============================================================================

Image component sizes


      Code (inc. data)   RO Data    RW Data    ZI Data      Debug   Object Name

       268         40          0          1          0       1271   bsp.o
       198          0          0          0          0       2080   common.o
      1544        258          0          1          0       2773   communicate.o
      3008        458          0        188          0       8051   control.o
         0          0          0          0          0         32   core_cm3.o
       424         18          0          0        128       2355   dataflash.o
       352        114          0       1025          0       1279   display.o
       952          6          0          0          0       4235   i2c.o
       952          6          0          0          0       4261   i2c2.o
       240         12          0          1          0       1341   infrare.o
       140         22          0          0          0        631   main.o
         0          0         21          5          0        816   manage.o
       220         22          0          0          0     253133   misc.o
       772         24          0          0          0       2210   motor.o
       260         20          0          6          0       2458   mpu6050.o
      1208         14       2072        256          0       6060   oled-iic.o
        36          8        236          0       1024        816   startup_stm32f10x_md.o
      1468         34          0          0          0      14502   stm32f10x_flash.o
       860         38          0          0          0       5697   stm32f10x_gpio.o
       256         24          0          0          0       1651   stm32f10x_it.o
       932         36          0         20          0       8868   stm32f10x_rcc.o
      3610         88          0          0          0      22804   stm32f10x_tim.o
      1032         22          0          0          0       8416   stm32f10x_usart.o
       480         38          0         20          0       1803   system_stm32f10x.o
       168         18          0          0         10      16557   systick.o
       532         24          0         16          0       1823   ultrasonic.o
       544         16          0          1        128       3123   usart.o

    ----------------------------------------------------------------------
     20460       1360       2366       1548       1292     379046   Object Totals
         0          0         32          0          0          0   (incl. Generated)
         4          0          5          8          2          0   (incl. Padding)

    ----------------------------------------------------------------------

      Code (inc. data)   RO Data    RW Data    ZI Data      Debug   Library Member Name

       544         70        152          0          0        124   atan.o
       412         38          0          0          0        144   atan2.o
        42          0          0          0          0         84   atof.o
        26          6          0          0          0        204   dunder.o
        40          0          0          0          0         68   fpclassify.o
       170          0          0          0          0         96   poly.o
         0          0          8          0          0          0   qnan.o
        86          0          0          0          0          0   __dczerorl2.o
        64          0          0          0          0         84   _sgetc.o
        40          6         64          0          0         68   ctype_c.o
         0          0          0          0          0          0   entry.o
         0          0          0          0          0          0   entry10a.o
         0          0          0          0          0          0   entry11a.o
         4          0          0          0          0          0   entry12b.o
         8          4          0          0          0          0   entry2.o
         4          0          0          0          0          0   entry5.o
         0          0          0          0          0          0   entry7b.o
         0          0          0          0          0          0   entry8b.o
         8          4          0          0          0          0   entry9a.o
        24         12          0          4          0        136   errno.o
        30          0          0          0          0          0   handlers.o
        36          8          0          0          0         68   init.o
        10          0          0          0          0         68   isspace_c.o
         0          0          0          0          0          0   iusefp.o
        30          0          0          0          0         68   llshl.o
        36          0          0          0          0         68   llsshr.o
        32          0          0          0          0         68   llushr.o
        36          0          0          0          0        108   memseta.o
      2310         90          0          0          0        688   printfa.o
       878         12          0          0          0        216   scanf_fp.o
        14          0          0          0          0         68   strlen.o
        36          0          0          0          0         80   strstr.o
       156         12          0          0          0        120   strtod.o
        68          6          0          4          0         80   strtok.o
        44          0          0          0          0         80   uidiv.o
        98          0          0          0          0         92   uldiv.o
        48          0          0          0          0         68   cdcmple.o
        48          0          0          0          0         68   cdrcmple.o
        20          0          0          0          0         68   cfcmple.o
        20          0          0          0          0         68   cfrcmple.o
        56          0          0          0          0         88   d2f.o
       334          0          0          0          0        148   dadd.o
       222          0          0          0          0        100   ddiv.o
       186          0          0          0          0        176   depilogue.o
        62          0          0          0          0         80   dfixi.o
        50          0          0          0          0         76   dfixui.o
        48          0          0          0          0         68   dfixul.o
        34          0          0          0          0         76   dflti.o
        24          0          0          0          0         76   dfltul.o
       228          0          0          0          0         96   dmul.o
        46          0          0          0          0         80   dscalb.o
        38          0          0          0          0         68   f2d.o
       176          0          0          0          0        140   fadd.o
       124          0          0          0          0         88   fdiv.o
       110          0          0          0          0        168   fepilogue.o
        50          0          0          0          0         68   ffixi.o
        18          0          0          0          0         68   fflti.o
       100          0          0          0          0         76   fmul.o

    ----------------------------------------------------------------------
      7342        268        224          8          0       4892   Library Totals
        14          0          0          0          0          0   (incl. Padding)

    ----------------------------------------------------------------------

      Code (inc. data)   RO Data    RW Data    ZI Data      Debug   Library Name

      1234        114        160          0          0        720   m_ws.l
      4052        154         64          8          0       2160   mc_w.l
      2042          0          0          0          0       2012   mf_w.l

    ----------------------------------------------------------------------
      7342        268        224          8          0       4892   Library Totals

    ----------------------------------------------------------------------

==============================================================================


      Code (inc. data)   RO Data    RW Data    ZI Data      Debug   

     27802       1628       2590       1556       1292     379334   Grand Totals
     27802       1628       2590        460       1292     379334   ELF Image Totals (compressed)
     27802       1628       2590        460          0          0   ROM Totals

==============================================================================

    Total RO  Size (Code + RO Data)                30392 (  29.68kB)
    Total RW  Size (RW Data + ZI Data)              2848 (   2.78kB)
    Total ROM Size (Code + RO Data + RW Data)      30852 (  30.13kB)

==============================================================================

